Component: ARM Compiler 5.06 update 7 (build 960) Tool: armlink [4d3601]

==============================================================================

Section Cross References

    startup_stm32f103xe.o(STACK) refers (Special) to heapauxi.o(.text) for __use_two_region_memory
    startup_stm32f103xe.o(HEAP) refers (Special) to heapauxi.o(.text) for __use_two_region_memory
    startup_stm32f103xe.o(RESET) refers (Special) to heapauxi.o(.text) for __use_two_region_memory
    startup_stm32f103xe.o(RESET) refers to startup_stm32f103xe.o(STACK) for __initial_sp
    startup_stm32f103xe.o(RESET) refers to startup_stm32f103xe.o(.text) for Reset_Handler
    startup_stm32f103xe.o(RESET) refers to stm32f1xx_it.o(i.NMI_Handler) for NMI_Handler
    startup_stm32f103xe.o(RESET) refers to stm32f1xx_it.o(i.HardFault_Handler) for HardFault_Handler
    startup_stm32f103xe.o(RESET) refers to stm32f1xx_it.o(i.MemManage_Handler) for MemManage_Handler
    startup_stm32f103xe.o(RESET) refers to stm32f1xx_it.o(i.BusFault_Handler) for BusFault_Handler
    startup_stm32f103xe.o(RESET) refers to stm32f1xx_it.o(i.UsageFault_Handler) for UsageFault_Handler
    startup_stm32f103xe.o(RESET) refers to stm32f1xx_it.o(i.SVC_Handler) for SVC_Handler
    startup_stm32f103xe.o(RESET) refers to stm32f1xx_it.o(i.DebugMon_Handler) for DebugMon_Handler
    startup_stm32f103xe.o(RESET) refers to stm32f1xx_it.o(i.PendSV_Handler) for PendSV_Handler
    startup_stm32f103xe.o(RESET) refers to stm32f1xx_it.o(i.SysTick_Handler) for SysTick_Handler
    startup_stm32f103xe.o(.text) refers (Special) to heapauxi.o(.text) for __use_two_region_memory
    startup_stm32f103xe.o(.text) refers to system_stm32f1xx.o(i.SystemInit) for SystemInit
    startup_stm32f103xe.o(.text) refers to __main.o(!!!main) for __main
    startup_stm32f103xe.o(.text) refers to startup_stm32f103xe.o(HEAP) for Heap_Mem
    startup_stm32f103xe.o(.text) refers to startup_stm32f103xe.o(STACK) for Stack_Mem
    main.o(i.MeasureDistance) refers to stm32f1xx_hal_gpio.o(i.HAL_GPIO_WritePin) for HAL_GPIO_WritePin
    main.o(i.MeasureDistance) refers to stm32f1xx_hal.o(i.HAL_Delay) for HAL_Delay
    main.o(i.MeasureDistance) refers to stm32f1xx_hal_gpio.o(i.HAL_GPIO_ReadPin) for HAL_GPIO_ReadPin
    main.o(i.MeasureDistance) refers to stm32f1xx_hal.o(i.HAL_GetTick) for HAL_GetTick
    main.o(i.MeasureDistance) refers to dflt_clz.o(x$fpl$dfltu) for __aeabi_ui2d
    main.o(i.MeasureDistance) refers to ddiv.o(x$fpl$ddiv) for __aeabi_ddiv
    main.o(i.MeasureDistance) refers to d2f.o(x$fpl$d2f) for __aeabi_d2f
    main.o(i.MeasureDistance) refers to f2d.o(x$fpl$f2d) for __aeabi_f2d
    main.o(i.MeasureDistance) refers to dmul.o(x$fpl$dmul) for __aeabi_dmul
    main.o(i.MeasureDistance) refers to scalbn.o(x$fpl$scalbn) for __ARM_scalbn
    main.o(i.SystemClock_Config) refers to rt_memclr_w.o(.text) for __aeabi_memclr4
    main.o(i.SystemClock_Config) refers to stm32f1xx_hal_rcc.o(i.HAL_RCC_OscConfig) for HAL_RCC_OscConfig
    main.o(i.SystemClock_Config) refers to stm32f1xx_hal_rcc.o(i.HAL_RCC_ClockConfig) for HAL_RCC_ClockConfig
    main.o(i.main) refers to _printf_percent.o(.ARM.Collect$$_printf_percent$$00000000) for _printf_percent
    main.o(i.main) refers to _printf_f.o(.ARM.Collect$$_printf_percent$$00000003) for _printf_f
    main.o(i.main) refers to printf1.o(x$fpl$printf1) for _printf_fp_dec
    main.o(i.main) refers to stm32f1xx_hal.o(i.HAL_Init) for HAL_Init
    main.o(i.main) refers to main.o(i.SystemClock_Config) for SystemClock_Config
    main.o(i.main) refers to gpio.o(i.MX_GPIO_Init) for MX_GPIO_Init
    main.o(i.main) refers to tim.o(i.MX_TIM1_Init) for MX_TIM1_Init
    main.o(i.main) refers to usart.o(i.MX_USART1_UART_Init) for MX_USART1_UART_Init
    main.o(i.main) refers to main.o(i.MeasureDistance) for MeasureDistance
    main.o(i.main) refers to fmul.o(x$fpl$fmul) for __aeabi_fmul
    main.o(i.main) refers to f2d.o(x$fpl$f2d) for __aeabi_f2d
    main.o(i.main) refers to noretval__2printf.o(.text) for __2printf
    main.o(i.main) refers to stm32f1xx_hal.o(i.HAL_Delay) for HAL_Delay
    gpio.o(i.MX_GPIO_Init) refers to stm32f1xx_hal_gpio.o(i.HAL_GPIO_WritePin) for HAL_GPIO_WritePin
    gpio.o(i.MX_GPIO_Init) refers to stm32f1xx_hal_gpio.o(i.HAL_GPIO_Init) for HAL_GPIO_Init
    tim.o(i.HAL_TIM_PeriodElapsedCallback) refers to stm32f1xx_hal_tim.o(i.HAL_TIM_Base_Stop) for HAL_TIM_Base_Stop
    tim.o(i.HAL_TIM_PeriodElapsedCallback) refers to tim.o(.bss) for .bss
    tim.o(i.MX_TIM1_Init) refers to stm32f1xx_hal_tim.o(i.HAL_TIM_Base_Init) for HAL_TIM_Base_Init
    tim.o(i.MX_TIM1_Init) refers to main.o(i.Error_Handler) for Error_Handler
    tim.o(i.MX_TIM1_Init) refers to stm32f1xx_hal_tim.o(i.HAL_TIM_ConfigClockSource) for HAL_TIM_ConfigClockSource
    tim.o(i.MX_TIM1_Init) refers to stm32f1xx_hal_tim_ex.o(i.HAL_TIMEx_MasterConfigSynchronization) for HAL_TIMEx_MasterConfigSynchronization
    tim.o(i.MX_TIM1_Init) refers to tim.o(.bss) for .bss
[...]
    ../fplib/fretinf.s                       0x00000000   Number         0  fretinf.o ABSOLUTE
    ../fplib/istatus.s                       0x00000000   Number         0  istatus.o ABSOLUTE
    ../fplib/printf1.s                       0x00000000   Number         0  printf1.o ABSOLUTE
    ../fplib/retnan.s                        0x00000000   Number         0  retnan.o ABSOLUTE
    ../fplib/scalbn.s                        0x00000000   Number         0  scalbn.o ABSOLUTE
    ../fplib/trapv.s                         0x00000000   Number         0  trapv.o ABSOLUTE
    ../fplib/usenofp.s                       0x00000000   Number         0  usenofp.o ABSOLUTE
    ../mathlib/fpclassify.c                  0x00000000   Number         0  fpclassify.o ABSOLUTE
    ..\Core\Src\gpio.c                       0x00000000   Number         0  gpio.o ABSOLUTE
    ..\Core\Src\main.c                       0x00000000   Number         0  main.o ABSOLUTE
    ..\Core\Src\stm32f1xx_hal_msp.c          0x00000000   Number         0  stm32f1xx_hal_msp.o ABSOLUTE
    ..\Core\Src\stm32f1xx_it.c               0x00000000   Number         0  stm32f1xx_it.o ABSOLUTE
    ..\Core\Src\system_stm32f1xx.c           0x00000000   Number         0  system_stm32f1xx.o ABSOLUTE
    ..\Core\Src\tim.c                        0x00000000   Number         0  tim.o ABSOLUTE
    ..\Core\Src\usart.c                      0x00000000   Number         0  usart.o ABSOLUTE
    ..\Drivers\STM32F1xx_HAL_Driver\Src\stm32f1xx_hal.c 0x00000000   Number         0  stm32f1xx_hal.o ABSOLUTE
    ..\Drivers\STM32F1xx_HAL_Driver\Src\stm32f1xx_hal_cortex.c 0x00000000   Number         0  stm32f1xx_hal_cortex.o ABSOLUTE
    ..\Drivers\STM32F1xx_HAL_Driver\Src\stm32f1xx_hal_dma.c 0x00000000   Number         0  stm32f1xx_hal_dma.o ABSOLUTE
    ..\Drivers\STM32F1xx_HAL_Driver\Src\stm32f1xx_hal_exti.c 0x00000000   Number         0  stm32f1xx_hal_exti.o ABSOLUTE
    ..\Drivers\STM32F1xx_HAL_Driver\Src\stm32f1xx_hal_flash.c 0x00000000   Number         0  stm32f1xx_hal_flash.o ABSOLUTE
    ..\Drivers\STM32F1xx_HAL_Driver\Src\stm32f1xx_hal_flash_ex.c 0x00000000   Number         0  stm32f1xx_hal_flash_ex.o ABSOLUTE
    ..\Drivers\STM32F1xx_HAL_Driver\Src\stm32f1xx_hal_gpio.c 0x00000000   Number         0  stm32f1xx_hal_gpio.o ABSOLUTE
    ..\Drivers\STM32F1xx_HAL_Driver\Src\stm32f1xx_hal_gpio_ex.c 0x00000000   Number         0  stm32f1xx_hal_gpio_ex.o ABSOLUTE
    ..\Drivers\STM32F1xx_HAL_Driver\Src\stm32f1xx_hal_pwr.c 0x00000000   Number         0  stm32f1xx_hal_pwr.o ABSOLUTE
    ..\Drivers\STM32F1xx_HAL_Driver\Src\stm32f1xx_hal_rcc.c 0x00000000   Number         0  stm32f1xx_hal_rcc.o ABSOLUTE
    ..\Drivers\STM32F1xx_HAL_Driver\Src\stm32f1xx_hal_rcc_ex.c 0x00000000   Number         0  stm32f1xx_hal_rcc_ex.o ABSOLUTE
    ..\Drivers\STM32F1xx_HAL_Driver\Src\stm32f1xx_hal_tim.c 0x00000000   Number         0  stm32f1xx_hal_tim.o ABSOLUTE
    ..\Drivers\STM32F1xx_HAL_Driver\Src\stm32f1xx_hal_tim_ex.c 0x00000000   Number         0  stm32f1xx_hal_tim_ex.o ABSOLUTE
    ..\Drivers\STM32F1xx_HAL_Driver\Src\stm32f1xx_hal_uart.c 0x00000000   Number         0  stm32f1xx_hal_uart.o ABSOLUTE
    dc.s                                     0x00000000   Number         0  dc.o ABSOLUTE
    startup_stm32f103xe.s                    0x00000000   Number         0  startup_stm32f103xe.o ABSOLUTE
    RESET                                    0x08000000   Section      304  startup_stm32f103xe.o(RESET)
    !!!main                                  0x08000130   Section        8  __main.o(!!!main)
    !!!scatter                               0x08000138   Section       52  __scatter.o(!!!scatter)
    !!handler_copy                           0x0800016c   Section       26  __scatter_copy.o(!!handler_copy)
    !!handler_zi                             0x08000188   Section       28  __scatter_zi.o(!!handler_zi)
    .ARM.Collect$$_printf_percent$$00000000  0x080001a4   Section        0  _printf_percent.o(.ARM.Collect$$_printf_percent$$00000000)
    .ARM.Collect$$_printf_percent$$00000003  0x080001a4   Section        6  _printf_f.o(.ARM.Collect$$_printf_percent$$00000003)
    .ARM.Collect$$_printf_percent$$00000017  0x080001aa   Section        4  _printf_percent_end.o(.ARM.Collect$$_printf_percent$$00000017)
    .ARM.Collect$$libinit$$00000000          0x080001ae   Section        2  libinit.o(.ARM.Collect$$libinit$$00000000)
    .ARM.Collect$$libinit$$00000002          0x080001b0   Section        0  libinit2.o(.ARM.Collect$$libinit$$00000002)
    .ARM.Collect$$libinit$$00000004          0x080001b0   Section        0  libinit2.o(.ARM.Collect$$libinit$$00000004)
    .ARM.Collect$$libinit$$00000005          0x080001b0   Section        8  libinit2.o(.ARM.Collect$$libinit$$00000005)
    .ARM.Collect$$libinit$$0000000A          0x080001b8   Section        0  libinit2.o(.ARM.Collect$$libinit$$0000000A)
    .ARM.Collect$$libinit$$0000000C          0x080001b8   Section        0  libinit2.o(.ARM.Collect$$libinit$$0000000C)
    .ARM.Collect$$libinit$$0000000E          0x080001b8   Section        0  libinit2.o(.ARM.Collect$$libinit$$0000000E)
    .ARM.Collect$$libinit$$0000000F          0x080001b8   Section        6  libinit2.o(.ARM.Collect$$libinit$$0000000F)
    .ARM.Collect$$libinit$$00000011          0x080001be   Section        0  libinit2.o(.ARM.Collect$$libinit$$00000011)
    .ARM.Collect$$libinit$$00000013          0x080001be   Section        0  libinit2.o(.ARM.Collect$$libinit$$00000013)
    .ARM.Collect$$libinit$$00000015          0x080001be   Section        0  libinit2.o(.ARM.Collect$$libinit$$00000015)
    .ARM.Collect$$libinit$$00000016          0x080001be   Section       10  libinit2.o(.ARM.Collect$$libinit$$00000016)
    .ARM.Collect$$libinit$$00000017          0x080001c8   Section        0  libinit2.o(.ARM.Collect$$libinit$$00000017)
    .ARM.Collect$$libinit$$00000019          0x080001c8   Section        0  libinit2.o(.ARM.Collect$$libinit$$00000019)
    .ARM.Collect$$libinit$$0000001B          0x080001c8   Section        0  libinit2.o(.ARM.Collect$$libinit$$0000001B)
    .ARM.Collect$$libinit$$0000001D          0x080001c8   Section        0  libinit2.o(.ARM.Collect$$libinit$$0000001D)
    .ARM.Collect$$libinit$$0000001F          0x080001c8   Section        0  libinit2.o(.ARM.Collect$$libinit$$0000001F)
    .ARM.Collect$$libinit$$00000021          0x080001c8   Section        0  libinit2.o(.ARM.Collect$$libinit$$00000021)
    .ARM.Collect$$libinit$$00000023          0x080001c8   Section        0  libinit2.o(.ARM.Collect$$libinit$$00000023)
    .ARM.Collect$$libinit$$00000024          0x080001c8   Section        4  libinit2.o(.ARM.Collect$$libinit$$00000024)
    .ARM.Collect$$libinit$$00000025          0x080001cc   Section        0  libinit2.o(.ARM.Collect$$libinit$$00000025)
    .ARM.Collect$$libinit$$0000002C          0x080001cc   Section        0  libinit2.o(.ARM.Collect$$libinit$$0000002C)
    .ARM.Collect$$libinit$$0000002E          0x080001cc   Section        0  libinit2.o(.ARM.Collect$$libinit$$0000002E)
    .ARM.Collect$$libinit$$00000030          0x080001cc   Section        0  libinit2.o(.ARM.Collect$$libinit$$00000030)
    .ARM.Collect$$libinit$$00000032          0x080001cc   Section        0  libinit2.o(.ARM.Collect$$libinit$$00000032)
    .ARM.Collect$$libinit$$00000033          0x080001cc   Section        2  libinit2.o(.ARM.Collect$$libinit$$00000033)
    .ARM.Collect$$libshutdown$$00000000      0x080001ce   Section        2  libshutdown.o(.ARM.Collect$$libshutdown$$00000000)
    .ARM.Collect$$libshutdown$$00000002      0x080001d0   Section        0  libshutdown2.o(.ARM.Collect$$libshutdown$$00000002)
    .ARM.Collect$$libshutdown$$00000004      0x080001d0   Section        0  libshutdown2.o(.ARM.Collect$$libshutdown$$00000004)
    .ARM.Collect$$libshutdown$$00000005      0x080001d0   Section        4  libshutdown2.o(.ARM.Collect$$libshutdown$$00000005)
    .ARM.Collect$$libshutdown$$00000006      0x080001d4   Section        0  libshutdown2.o(.ARM.Collect$$libshutdown$$00000006)
    .ARM.Collect$$libshutdown$$00000009      0x080001d4   Section        0  libshutdown2.o(.ARM.Collect$$libshutdown$$00000009)
    .ARM.Collect$$libshutdown$$0000000C      0x080001d4   Section        0  libshutdown2.o(.ARM.Collect$$libshutdown$$0000000C)
    .ARM.Collect$$libshutdown$$0000000E      0x080001d4   Section        0  libshutdown2.o(.ARM.Collect$$libshutdown$$0000000E)
    .ARM.Collect$$libshutdown$$00000011      0x080001d4   Section        0  libshutdown2.o(.ARM.Collect$$libshutdown$$00000011)
    .ARM.Collect$$libshutdown$$00000012      0x080001d4   Section        2  libshutdown2.o(.ARM.Collect$$libshutdown$$00000012)
    .ARM.Collect$$rtentry$$00000000          0x080001d6   Section        0  __rtentry.o(.ARM.Collect$$rtentry$$00000000)
    .ARM.Collect$$rtentry$$00000002          0x080001d6   Section        0  __rtentry2.o(.ARM.Collect$$rtentry$$00000002)
    .ARM.Collect$$rtentry$$00000004          0x080001d6   Section        6  __rtentry4.o(.ARM.Collect$$rtentry$$00000004)
    .ARM.Collect$$rtentry$$00000009          0x080001dc   Section        0  __rtentry2.o(.ARM.Collect$$rtentry$$00000009)
    .ARM.Collect$$rtentry$$0000000A          0x080001dc   Section        4  __rtentry2.o(.ARM.Collect$$rtentry$$0000000A)
    .ARM.Collect$$rtentry$$0000000C          0x080001e0   Section        0  __rtentry2.o(.ARM.Collect$$rtentry$$0000000C)
    .ARM.Collect$$rtentry$$0000000D          0x080001e0   Section        8  __rtentry2.o(.ARM.Collect$$rtentry$$0000000D)
    .ARM.Collect$$rtexit$$00000000           0x080001e8   Section        2  rtexit.o(.ARM.Collect$$rtexit$$00000000)
    .ARM.Collect$$rtexit$$00000002           0x080001ea   Section        0  rtexit2.o(.ARM.Collect$$rtexit$$00000002)
    .ARM.Collect$$rtexit$$00000003           0x080001ea   Section        4  rtexit2.o(.ARM.Collect$$rtexit$$00000003)
    .ARM.Collect$$rtexit$$00000004           0x080001ee   Section        6  rtexit2.o(.ARM.Collect$$rtexit$$00000004)
    .emb_text                                0x080001f4   Section        0  maybetermalloc1.o(.emb_text)
    .text                                    0x080001f4   Section       64  startup_stm32f103xe.o(.text)
    .text                                    0x08000234   Section        0  noretval__2printf.o(.text)
    .text                                    0x0800024c   Section        0  __printf_wp.o(.text)
    .text                                    0x0800035a   Section       78  rt_memclr_w.o(.text)
    .text                                    0x080003a8   Section        0  heapauxi.o(.text)
    .text                                    0x080003ae   Section        0  _printf_fp_dec.o(.text)
    _fp_digits                               0x080003b1   Thumb Code   432  _printf_fp_dec.o(.text)
    .text                                    0x080007cc   Section        0  _printf_char_file.o(.text)
    .text                                    0x080007f0   Section        8  rt_locale_intlibspace.o(.text)
    .text                                    0x080007f8   Section      138  lludiv10.o(.text)
    .text                                    0x08000884   Section        0  _printf_char_common.o(.text)
    _printf_input_char                       0x08000885   Thumb Code    10  _printf_char_common.o(.text)
    .text                                    0x080008b4   Section        0  _printf_fp_infnan.o(.text)
    .text                                    0x08000934   Section        0  bigflt0.o(.text)
    .text                                    0x08000a18   Section        0  ferror.o(.text)
    .text                                    0x08000a20   Section        0  initio.o(.text)
    .text                                    0x08000b58   Section        0  sys_io.o(.text)
    .text                                    0x08000bc0   Section        8  libspace.o(.text)
    .text                                    0x08000bc8   Section       74  sys_stackheap_outer.o(.text)
    .text                                    0x08000c12   Section        0  h1_free.o(.text)
    .text                                    0x08000c60   Section        0  flsbuf.o(.text)
    .text                                    0x08000e36   Section        0  setvbuf.o(.text)
    .text                                    0x08000e7c   Section        0  fopen.o(.text)
    _freopen_locked                          0x08000e7d   Thumb Code     0  fopen.o(.text)
    .text                                    0x08000f68   Section        0  fclose.o(.text)
    .text                                    0x08000fb4   Section        0  exit.o(.text)
    .text                                    0x08000fc6   Section        0  defsig_rtred_outer.o(.text)
    .text                                    0x08000fd4   Section      128  strcmpv7m.o(.text)
    .text                                    0x08001054   Section        2  use_no_semi.o(.text)
    .text                                    0x08001056   Section        0  indicate_semi.o(.text)
    .text                                    0x08001058   Section        8  rt_heap_descriptor_intlibspace.o(.text)
    .text                                    0x08001060   Section        0  hguard.o(.text)
    .text                                    0x08001064   Section        0  init_alloc.o(.text)
    .text                                    0x080010ee   Section        0  h1_alloc.o(.text)
    .text                                    0x0800114c   Section        0  fseek.o(.text)
    .text                                    0x08001244   Section        0  stdio.o(.text)
    .text                                    0x08001334   Section        0  defsig_exit.o(.text)
    .text                                    0x08001340   Section        0  defsig_rtred_inner.o(.text)
    .text                                    0x08001374   Section        0  strlen.o(.text)
    .text                                    0x080013b4   Section        0  sys_exit.o(.text)
    .text                                    0x080013c0   Section        0  h1_init.o(.text)
    .text                                    0x080013ce   Section        0  h1_extend.o(.text)
    .text                                    0x08001402   Section        0  ftell.o(.text)
    .text                                    0x08001444   Section        0  defsig_general.o(.text)
    .text                                    0x08001476   Section        0  defsig_rtmem_outer.o(.text)
    .text                                    0x08001484   Section        0  sys_wrch.o(.text)
    .text                                    0x08001494   Section        8  rt_errno_addr_intlibspace.o(.text)
    .text                                    0x0800149c   Section        0  defsig_rtmem_inner.o(.text)
    CL$$btod_d2e                             0x080014ec   Section       62  btod.o(CL$$btod_d2e)
    CL$$btod_d2e_denorm_low                  0x0800152a   Section       70  btod.o(CL$$btod_d2e_denorm_low)
    CL$$btod_d2e_norm_op1                    0x08001570   Section       96  btod.o(CL$$btod_d2e_norm_op1)
    CL$$btod_div_common                      0x080015d0   Section      824  btod.o(CL$$btod_div_common)
    CL$$btod_e2e                             0x08001908   Section      220  btod.o(CL$$btod_e2e)
    CL$$btod_ediv                            0x080019e4   Section       42  btod.o(CL$$btod_ediv)
    CL$$btod_emul                            0x08001a0e   Section       42  btod.o(CL$$btod_emul)
    CL$$btod_mult_common                     0x08001a38   Section      580  btod.o(CL$$btod_mult_common)
    i.BusFault_Handler                       0x08001c7c   Section        0  stm32f1xx_it.o(i.BusFault_Handler)
    i.DebugMon_Handler                       0x08001c7e   Section        0  stm32f1xx_it.o(i.DebugMon_Handler)
    i.Error_Handler                          0x08001c80   Section        0  main.o(i.Error_Handler)
    i.HAL_Delay                              0x08001c84   Section        0  stm32f1xx_hal.o(i.HAL_Delay)
    i.HAL_GPIO_Init                          0x08001ca8   Section        0  stm32f1xx_hal_gpio.o(i.HAL_GPIO_Init)
    i.HAL_GPIO_ReadPin                       0x08001ea0   Section        0  stm32f1xx_hal_gpio.o(i.HAL_GPIO_ReadPin)
    i.HAL_GPIO_WritePin                      0x08001eaa   Section        0  stm32f1xx_hal_gpio.o(i.HAL_GPIO_WritePin)
    i.HAL_GetTick                            0x08001eb4   Section        0  stm32f1xx_hal.o(i.HAL_GetTick)
    i.HAL_IncTick                            0x08001ec0   Section        0  stm32f1xx_hal.o(i.HAL_IncTick)
    i.HAL_Init                               0x08001ed0   Section        0  stm32f1xx_hal.o(i.HAL_Init)
    i.HAL_InitTick                           0x08001ef4   Section        0  stm32f1xx_hal.o(i.HAL_InitTick)
    i.HAL_MspInit                            0x08001f34   Section        0  stm32f1xx_hal_msp.o(i.HAL_MspInit)
    i.HAL_NVIC_SetPriority                   0x08001f70   Section        0  stm32f1xx_hal_cortex.o(i.HAL_NVIC_SetPriority)
    i.HAL_NVIC_SetPriorityGrouping           0x08001fb0   Section        0  stm32f1xx_hal_cortex.o(i.HAL_NVIC_SetPriorityGrouping)
    i.HAL_RCC_ClockConfig                    0x08001fd4   Section        0  stm32f1xx_hal_rcc.o(i.HAL_RCC_ClockConfig)
    i.HAL_RCC_GetPCLK1Freq                   0x08002100   Section        0  stm32f1xx_hal_rcc.o(i.HAL_RCC_GetPCLK1Freq)
    i.HAL_RCC_GetPCLK2Freq                   0x08002120   Section        0  stm32f1xx_hal_rcc.o(i.HAL_RCC_GetPCLK2Freq)
    i.HAL_RCC_GetSysClockFreq                0x08002140   Section        0  stm32f1xx_hal_rcc.o(i.HAL_RCC_GetSysClockFreq)
    i.HAL_RCC_OscConfig                      0x0800218c   Section        0  stm32f1xx_hal_rcc.o(i.HAL_RCC_OscConfig)
    i.HAL_SYSTICK_Config                     0x080024ac   Section        0  stm32f1xx_hal_cortex.o(i.HAL_SYSTICK_Config)
    i.HAL_TIMEx_MasterConfigSynchronization  0x080024d4   Section        0  stm32f1xx_hal_tim_ex.o(i.HAL_TIMEx_MasterConfigSynchronization)
    i.HAL_TIM_Base_Init                      0x08002550   Section        0  stm32f1xx_hal_tim.o(i.HAL_TIM_Base_Init)
    i.HAL_TIM_Base_MspInit                   0x080025ac   Section        0  tim.o(i.HAL_TIM_Base_MspInit)
    i.HAL_TIM_ConfigClockSource              0x080025d4   Section        0  stm32f1xx_hal_tim.o(i.HAL_TIM_ConfigClockSource)
    i.HAL_UART_Init                          0x080026b0   Section        0  stm32f1xx_hal_uart.o(i.HAL_UART_Init)
    i.HAL_UART_MspInit                       0x08002714   Section        0  usart.o(i.HAL_UART_MspInit)
    i.HardFault_Handler                      0x08002784   Section        0  stm32f1xx_it.o(i.HardFault_Handler)
    i.MX_GPIO_Init                           0x08002788   Section        0  gpio.o(i.MX_GPIO_Init)
    i.MX_TIM1_Init                           0x08002808   Section        0  tim.o(i.MX_TIM1_Init)
    i.MX_USART1_UART_Init                    0x08002874   Section        0  usart.o(i.MX_USART1_UART_Init)
    i.MeasureDistance                        0x080028ac   Section        0  main.o(i.MeasureDistance)
    i.MemManage_Handler                      0x08002944   Section        0  stm32f1xx_it.o(i.MemManage_Handler)
    i.NMI_Handler                            0x08002946   Section        0  stm32f1xx_it.o(i.NMI_Handler)
    i.PendSV_Handler                         0x08002948   Section        0  stm32f1xx_it.o(i.PendSV_Handler)
    i.SVC_Handler                            0x0800294a   Section        0  stm32f1xx_it.o(i.SVC_Handler)
    i.SysTick_Handler                        0x0800294c   Section        0  stm32f1xx_it.o(i.SysTick_Handler)
    i.SystemClock_Config                     0x08002950   Section        0  main.o(i.SystemClock_Config)
    i.SystemInit                             0x080029ae   Section        0  system_stm32f1xx.o(i.SystemInit)
    i.TIM_Base_SetConfig                     0x080029b0   Section        0  stm32f1xx_hal_tim.o(i.TIM_Base_SetConfig)
    i.TIM_ETR_SetConfig                      0x08002a3c   Section        0  stm32f1xx_hal_tim.o(i.TIM_ETR_SetConfig)
    i.TIM_ITRx_SetConfig                     0x08002a50   Section        0  stm32f1xx_hal_tim.o(i.TIM_ITRx_SetConfig)
    TIM_ITRx_SetConfig                       0x08002a51   Thumb Code    16  stm32f1xx_hal_tim.o(i.TIM_ITRx_SetConfig)
    i.TIM_TI1_ConfigInputStage               0x08002a60   Section        0  stm32f1xx_hal_tim.o(i.TIM_TI1_ConfigInputStage)
    TIM_TI1_ConfigInputStage                 0x08002a61   Thumb Code    34  stm32f1xx_hal_tim.o(i.TIM_TI1_ConfigInputStage)
    i.TIM_TI2_ConfigInputStage               0x08002a82   Section        0  stm32f1xx_hal_tim.o(i.TIM_TI2_ConfigInputStage)
    TIM_TI2_ConfigInputStage                 0x08002a83   Thumb Code    36  stm32f1xx_hal_tim.o(i.TIM_TI2_ConfigInputStage)
    i.UART_SetConfig                         0x08002aa8   Section        0  stm32f1xx_hal_uart.o(i.UART_SetConfig)
    UART_SetConfig                           0x08002aa9   Thumb Code   178  stm32f1xx_hal_uart.o(i.UART_SetConfig)
    i.UsageFault_Handler                     0x08002b60   Section        0  stm32f1xx_it.o(i.UsageFault_Handler)
    i.__ARM_fpclassify                       0x08002b62   Section        0  fpclassify.o(i.__ARM_fpclassify)
    i.__NVIC_SetPriority                     0x08002b8a   Section        0  stm32f1xx_hal_cortex.o(i.__NVIC_SetPriority)
    __NVIC_SetPriority                       0x08002b8b   Thumb Code    32  stm32f1xx_hal_cortex.o(i.__NVIC_SetPriority)
    i._is_digit                              0x08002baa   Section        0  __printf_wp.o(i._is_digit)
    i.fputc                                  0x08002bb8   Section        0  fputc.o(i.fputc)
    i.main                                   0x08002bd4   Section        0  main.o(i.main)
    locale$$code                             0x08002c28   Section       44  lc_numeric_c.o(locale$$code)
    x$fpl$d2f                                0x08002c54   Section       98  d2f.o(x$fpl$d2f)
    x$fpl$dcheck1                            0x08002cb8   Section       16  dcheck1.o(x$fpl$dcheck1)
    x$fpl$ddiv                               0x08002cc8   Section      688  ddiv.o(x$fpl$ddiv)
    ddiv_entry                               0x08002ccf   Thumb Code     0  ddiv.o(x$fpl$ddiv)
    x$fpl$dfltu                              0x08002f78   Section       38  dflt_clz.o(x$fpl$dfltu)
    x$fpl$dmul                               0x08002fa0   Section      340  dmul.o(x$fpl$dmul)
    x$fpl$dnaninf                            0x080030f4   Section      156  dnaninf.o(x$fpl$dnaninf)
    x$fpl$dretinf                            0x08003190   Section       12  dretinf.o(x$fpl$dretinf)
    x$fpl$f2d                                0x0800319c   Section       86  f2d.o(x$fpl$f2d)
    x$fpl$fmul                               0x080031f4   Section      258  fmul.o(x$fpl$fmul)
    x$fpl$fnaninf                            0x080032f6   Section      140  fnaninf.o(x$fpl$fnaninf)
    x$fpl$fretinf                            0x08003382   Section       10  fretinf.o(x$fpl$fretinf)
    x$fpl$printf1                            0x0800338c   Section        4  printf1.o(x$fpl$printf1)
    x$fpl$retnan                             0x08003390   Section      100  retnan.o(x$fpl$retnan)
    x$fpl$scalbn                             0x080033f4   Section       92  scalbn.o(x$fpl$scalbn)
    x$fpl$trapveneer                         0x08003450   Section       48  trapv.o(x$fpl$trapveneer)
    .constdata                               0x08003480   Section       18  stm32f1xx_hal_rcc.o(.constdata)
    x$fpl$usenofp                            0x08003480   Section        0  usenofp.o(x$fpl$usenofp)
    aPredivFactorTable                       0x08003480   Data           2  stm32f1xx_hal_rcc.o(.constdata)
    aPLLMULFactorTable                       0x08003482   Data          16  stm32f1xx_hal_rcc.o(.constdata)
    .constdata                               0x08003492   Section       16  system_stm32f1xx.o(.constdata)
    .constdata                               0x080034a2   Section        8  system_stm32f1xx.o(.constdata)
    .constdata                               0x080034ac   Section      148  bigflt0.o(.constdata)
    tenpwrs_x                                0x080034ac   Data          60  bigflt0.o(.constdata)
    tenpwrs_i                                0x080034e8   Data          64  bigflt0.o(.constdata)
    .constdata                               0x08003540   Section        4  sys_io.o(.constdata)
    .constdata                               0x08003544   Section        4  sys_io.o(.constdata)
    .constdata                               0x08003548   Section        4  sys_io.o(.constdata)
    locale$$data                             0x0800356c   Section       28  lc_numeric_c.o(locale$$data)
    __lcnum_c_name                           0x08003570   Data           2  lc_numeric_c.o(locale$$data)
    __lcnum_c_start                          0x08003578   Data           0  lc_numeric_c.o(locale$$data)
    __lcnum_c_point                          0x08003584   Data           0  lc_numeric_c.o(locale$$data)
    __lcnum_c_thousands                      0x08003586   Data           0  lc_numeric_c.o(locale$$data)
    __lcnum_c_grouping                       0x08003587   Data           0  lc_numeric_c.o(locale$$data)
    __lcnum_c_end                            0x08003588   Data           0  lc_numeric_c.o(locale$$data)
    .data                                    0x20000000   Section       12  stm32f1xx_hal.o(.data)
    .data                                    0x2000000c   Section        4  system_stm32f1xx.o(.data)
    .data                                    0x20000010   Section        4  stdio_streams.o(.data)
    .data                                    0x20000014   Section        4  stdio_streams.o(.data)
    .data                                    0x20000018   Section        4  stdio_streams.o(.data)
    .bss                                     0x2000001c   Section       72  tim.o(.bss)
    .bss                                     0x20000064   Section       72  usart.o(.bss)
    .bss                                     0x200000ac   Section       84  stdio_streams.o(.bss)
    .bss                                     0x20000100   Section       84  stdio_streams.o(.bss)
    .bss                                     0x20000154   Section       84  stdio_streams.o(.bss)
    .bss                                     0x200001a8   Section       96  libspace.o(.bss)
    HEAP                                     0x20000208   Section      512  startup_stm32f103xe.o(HEAP)
    Heap_Mem                                 0x20000208   Data         512  startup_stm32f103xe.o(HEAP)
    STACK                                    0x20000408   Section     1024  startup_stm32f103xe.o(STACK)
    Stack_Mem                                0x20000408   Data        1024  startup_stm32f103xe.o(STACK)
    __initial_sp                             0x20000808   Data           0  startup_stm32f103xe.o(STACK)

    Global Symbols

    Symbol Name                              Value     Ov Type        Size  Object(Section)

    BuildAttributes$$THM_ISAv4$P$D$K$B$S$PE$A:L22UL41UL21$X:L11$S22US41US21$IEEE1$IW$USESV6$~STKCKD$USESV7$~SHL$OTIME$ROPI$IEEEJ$EBA8$UX$STANDARDLIB$REQ8$PRES8$EABIv2 0x00000000   Number         0  anon$$obj.o ABSOLUTE
    __ARM_use_no_argv                        0x00000000   Number         0  main.o ABSOLUTE
    _printf_flags                            0x00000000   Number         0  printf_stubs.o ABSOLUTE
    _printf_return_value                     0x00000000   Number         0  printf_stubs.o ABSOLUTE
    _printf_sizespec                         0x00000000   Number         0  printf_stubs.o ABSOLUTE
    _printf_widthprec                        0x00000000   Number         0  printf_stubs.o ABSOLUTE
    __ARM_exceptions_init                     - Undefined Weak Reference
    __alloca_initialize                       - Undefined Weak Reference
    __arm_fini_                               - Undefined Weak Reference
    __arm_preinit_                            - Undefined Weak Reference
    __cpp_initialize__aeabi_                  - Undefined Weak Reference
    __cxa_finalize                            - Undefined Weak Reference
    __sigvec_lookup                           - Undefined Weak Reference
    __user_heap_extent                        - Undefined Weak Reference
    _atexit_init                              - Undefined Weak Reference
    _call_atexit_fns                          - Undefined Weak Reference
    _clock_init                               - Undefined Weak Reference
    _fp_trap_init                             - Undefined Weak Reference
    _fp_trap_shutdown                         - Undefined Weak Reference
    _get_lc_collate                           - Undefined Weak Reference
    _get_lc_ctype                             - Undefined Weak Reference
    _get_lc_monetary                          - Undefined Weak Reference
    _get_lc_time                              - Undefined Weak Reference
    _getenv_init                              - Undefined Weak Reference
    _handle_redirection                       - Undefined Weak Reference
    _mutex_acquire                            - Undefined Weak Reference
    _mutex_free                               - Undefined Weak Reference
    _mutex_release                            - Undefined Weak Reference
    _printf_post_padding                      - Undefined Weak Reference
    _printf_pre_padding                       - Undefined Weak Reference
    _rand_init                                - Undefined Weak Reference
    _signal_finish                            - Undefined Weak Reference
    _signal_init                              - Undefined Weak Reference
    __Vectors_Size                           0x00000130   Number         0  startup_stm32f103xe.o ABSOLUTE
    __Vectors                                0x08000000   Data           4  startup_stm32f103xe.o(RESET)
    __Vectors_End                            0x08000130   Data           0  startup_stm32f103xe.o(RESET)
    __main                                   0x08000131   Thumb Code     8  __main.o(!!!main)
    __scatterload                            0x08000139   Thumb Code     0  __scatter.o(!!!scatter)
    __scatterload_rt2                        0x08000139   Thumb Code    44  __scatter.o(!!!scatter)
    __scatterload_rt2_thumb_only             0x08000139   Thumb Code     0  __scatter.o(!!!scatter)
    __scatterload_null                       0x08000147   Thumb Code     0  __scatter.o(!!!scatter)
    __scatterload_copy                       0x0800016d   Thumb Code    26  __scatter_copy.o(!!handler_copy)
    __scatterload_zeroinit                   0x08000189   Thumb Code    28  __scatter_zi.o(!!handler_zi)
    _printf_f                                0x080001a5   Thumb Code     0  _printf_f.o(.ARM.Collect$$_printf_percent$$00000003)
    _printf_percent                          0x080001a5   Thumb Code     0  _printf_percent.o(.ARM.Collect$$_printf_percent$$00000000)
    _printf_percent_end                      0x080001ab   Thumb Code     0  _printf_percent_end.o(.ARM.Collect$$_printf_percent$$00000017)
    __rt_lib_init                            0x080001af   Thumb Code     0  libinit.o(.ARM.Collect$$libinit$$00000000)
    __rt_lib_init_fp_1                       0x080001b1   Thumb Code     0  libinit2.o(.ARM.Collect$$libinit$$00000002)
    __rt_lib_init_heap_2                     0x080001b1   Thumb Code     0  libinit2.o(.ARM.Collect$$libinit$$00000005)
    __rt_lib_init_preinit_1                  0x080001b1   Thumb Code     0  libinit2.o(.ARM.Collect$$libinit$$00000004)
    __rt_lib_init_heap_1                     0x080001b9   Thumb Code     0  libinit2.o(.ARM.Collect$$libinit$$0000000A)
    __rt_lib_init_lc_common                  0x080001b9   Thumb Code     0  libinit2.o(.ARM.Collect$$libinit$$0000000F)
    __rt_lib_init_rand_1                     0x080001b9   Thumb Code     0  libinit2.o(.ARM.Collect$$libinit$$0000000E)
    __rt_lib_init_user_alloc_1               0x080001b9   Thumb Code     0  libinit2.o(.ARM.Collect$$libinit$$0000000C)
    __rt_lib_init_lc_collate_1               0x080001bf   Thumb Code     0  libinit2.o(.ARM.Collect$$libinit$$00000011)
    __rt_lib_init_lc_ctype_1                 0x080001bf   Thumb Code     0  libinit2.o(.ARM.Collect$$libinit$$00000013)
    __rt_lib_init_lc_monetary_1              0x080001bf   Thumb Code     0  libinit2.o(.ARM.Collect$$libinit$$00000015)
    __rt_lib_init_lc_numeric_2               0x080001bf   Thumb Code     0  libinit2.o(.ARM.Collect$$libinit$$00000016)
    __rt_lib_init_atexit_1                   0x080001c9   Thumb Code     0  libinit2.o(.ARM.Collect$$libinit$$0000001B)
    __rt_lib_init_clock_1                    0x080001c9   Thumb Code     0  libinit2.o(.ARM.Collect$$libinit$$00000021)
    __rt_lib_init_fp_trap_1                  0x080001c9   Thumb Code     0  libinit2.o(.ARM.Collect$$libinit$$0000001F)
    __rt_lib_init_getenv_1                   0x080001c9   Thumb Code     0  libinit2.o(.ARM.Collect$$libinit$$00000023)
    __rt_lib_init_lc_numeric_1               0x080001c9   Thumb Code     0  libinit2.o(.ARM.Collect$$libinit$$00000017)
    __rt_lib_init_lc_time_1                  0x080001c9   Thumb Code     0  libinit2.o(.ARM.Collect$$libinit$$00000019)
    __rt_lib_init_signal_1                   0x080001c9   Thumb Code     0  libinit2.o(.ARM.Collect$$libinit$$0000001D)
    __rt_lib_init_stdio_2                    0x080001c9   Thumb Code     0  libinit2.o(.ARM.Collect$$libinit$$00000024)
    __rt_lib_init_alloca_1                   0x080001cd   Thumb Code     0  libinit2.o(.ARM.Collect$$libinit$$0000002E)
    __rt_lib_init_argv_1                     0x080001cd   Thumb Code     0  libinit2.o(.ARM.Collect$$libinit$$0000002C)
    __rt_lib_init_cpp_1                      0x080001cd   Thumb Code     0  libinit2.o(.ARM.Collect$$libinit$$00000032)
    __rt_lib_init_exceptions_1               0x080001cd   Thumb Code     0  libinit2.o(.ARM.Collect$$libinit$$00000030)
    __rt_lib_init_return                     0x080001cd   Thumb Code     0  libinit2.o(.ARM.Collect$$libinit$$00000033)
    __rt_lib_init_stdio_1                    0x080001cd   Thumb Code     0  libinit2.o(.ARM.Collect$$libinit$$00000025)
    __rt_lib_shutdown                        0x080001cf   Thumb Code     0  libshutdown.o(.ARM.Collect$$libshutdown$$00000000)
    __rt_lib_shutdown_cpp_1                  0x080001d1   Thumb Code     0  libshutdown2.o(.ARM.Collect$$libshutdown$$00000004)
    __rt_lib_shutdown_fini_1                 0x080001d1   Thumb Code     0  libshutdown2.o(.ARM.Collect$$libshutdown$$00000002)
    __rt_lib_shutdown_stdio_2                0x080001d1   Thumb Code     0  libshutdown2.o(.ARM.Collect$$libshutdown$$00000005)
    __rt_lib_shutdown_fp_trap_1              0x080001d5   Thumb Code     0  libshutdown2.o(.ARM.Collect$$libshutdown$$00000009)
    __rt_lib_shutdown_heap_1                 0x080001d5   Thumb Code     0  libshutdown2.o(.ARM.Collect$$libshutdown$$00000011)
    __rt_lib_shutdown_return                 0x080001d5   Thumb Code     0  libshutdown2.o(.ARM.Collect$$libshutdown$$00000012)
    __rt_lib_shutdown_signal_1               0x080001d5   Thumb Code     0  libshutdown2.o(.ARM.Collect$$libshutdown$$0000000C)
    __rt_lib_shutdown_stdio_1                0x080001d5   Thumb Code     0  libshutdown2.o(.ARM.Collect$$libshutdown$$00000006)
    __rt_lib_shutdown_user_alloc_1           0x080001d5   Thumb Code     0  libshutdown2.o(.ARM.Collect$$libshutdown$$0000000E)
    __rt_entry                               0x080001d7   Thumb Code     0  __rtentry.o(.ARM.Collect$$rtentry$$00000000)
    __rt_entry_presh_1                       0x080001d7   Thumb Code     0  __rtentry2.o(.ARM.Collect$$rtentry$$00000002)
    __rt_entry_sh                            0x080001d7   Thumb Code     0  __rtentry4.o(.ARM.Collect$$rtentry$$00000004)
    __rt_entry_li                            0x080001dd   Thumb Code     0  __rtentry2.o(.ARM.Collect$$rtentry$$0000000A)
    __rt_entry_postsh_1                      0x080001dd   Thumb Code     0  __rtentry2.o(.ARM.Collect$$rtentry$$00000009)
    __rt_entry_main                          0x080001e1   Thumb Code     0  __rtentry2.o(.ARM.Collect$$rtentry$$0000000D)
    __rt_entry_postli_1                      0x080001e1   Thumb Code     0  __rtentry2.o(.ARM.Collect$$rtentry$$0000000C)
    __rt_exit                                0x080001e9   Thumb Code     0  rtexit.o(.ARM.Collect$$rtexit$$00000000)
    __rt_exit_ls                             0x080001eb   Thumb Code     0  rtexit2.o(.ARM.Collect$$rtexit$$00000003)
    __rt_exit_prels_1                        0x080001eb   Thumb Code     0  rtexit2.o(.ARM.Collect$$rtexit$$00000002)
    __rt_exit_exit                           0x080001ef   Thumb Code     0  rtexit2.o(.ARM.Collect$$rtexit$$00000004)
    Reset_Handler                            0x080001f5   Thumb Code     8  startup_stm32f103xe.o(.text)
    _maybe_terminate_alloc                   0x080001f5   Thumb Code     0  maybetermalloc1.o(.emb_text)
    ADC1_2_IRQHandler                        0x0800020f   Thumb Code     0  startup_stm32f103xe.o(.text)
    ADC3_IRQHandler                          0x0800020f   Thumb Code     0  startup_stm32f103xe.o(.text)
    CAN1_RX1_IRQHandler                      0x0800020f   Thumb Code     0  startup_stm32f103xe.o(.text)
    CAN1_SCE_IRQHandler                      0x0800020f   Thumb Code     0  startup_stm32f103xe.o(.text)
    DMA1_Channel1_IRQHandler                 0x0800020f   Thumb Code     0  startup_stm32f103xe.o(.text)
    DMA1_Channel2_IRQHandler                 0x0800020f   Thumb Code     0  startup_stm32f103xe.o(.text)
    DMA1_Channel3_IRQHandler                 0x0800020f   Thumb Code     0  startup_stm32f103xe.o(.text)
    DMA1_Channel4_IRQHandler                 0x0800020f   Thumb Code     0  startup_stm32f103xe.o(.text)
    DMA1_Channel5_IRQHandler                 0x0800020f   Thumb Code     0  startup_stm32f103xe.o(.text)
    DMA1_Channel6_IRQHandler                 0x0800020f   Thumb Code     0  startup_stm32f103xe.o(.text)
    DMA1_Channel7_IRQHandler                 0x0800020f   Thumb Code     0  startup_stm32f103xe.o(.text)
    DMA2_Channel1_IRQHandler                 0x0800020f   Thumb Code     0  startup_stm32f103xe.o(.text)
    DMA2_Channel2_IRQHandler                 0x0800020f   Thumb Code     0  startup_stm32f103xe.o(.text)
    DMA2_Channel3_IRQHandler                 0x0800020f   Thumb Code     0  startup_stm32f103xe.o(.text)
    DMA2_Channel4_5_IRQHandler               0x0800020f   Thumb Code     0  startup_stm32f103xe.o(.text)
    EXTI0_IRQHandler                         0x0800020f   Thumb Code     0  startup_stm32f103xe.o(.text)
    EXTI15_10_IRQHandler                     0x0800020f   Thumb Code     0  startup_stm32f103xe.o(.text)
    EXTI1_IRQHandler                         0x0800020f   Thumb Code     0  startup_stm32f103xe.o(.text)
    EXTI2_IRQHandler                         0x0800020f   Thumb Code     0  startup_stm32f103xe.o(.text)
    EXTI3_IRQHandler                         0x0800020f   Thumb Code     0  startup_stm32f103xe.o(.text)
    EXTI4_IRQHandler                         0x0800020f   Thumb Code     0  startup_stm32f103xe.o(.text)
    EXTI9_5_IRQHandler                       0x0800020f   Thumb Code     0  startup_stm32f103xe.o(.text)
    FLASH_IRQHandler                         0x0800020f   Thumb Code     0  startup_stm32f103xe.o(.text)
    FSMC_IRQHandler                          0x0800020f   Thumb Code     0  startup_stm32f103xe.o(.text)
    I2C1_ER_IRQHandler                       0x0800020f   Thumb Code     0  startup_stm32f103xe.o(.text)
    I2C1_EV_IRQHandler                       0x0800020f   Thumb Code     0  startup_stm32f103xe.o(.text)
    I2C2_ER_IRQHandler                       0x0800020f   Thumb Code     0  startup_stm32f103xe.o(.text)
    I2C2_EV_IRQHandler                       0x0800020f   Thumb Code     0  startup_stm32f103xe.o(.text)
    PVD_IRQHandler                           0x0800020f   Thumb Code     0  startup_stm32f103xe.o(.text)
    RCC_IRQHandler                           0x0800020f   Thumb Code     0  startup_stm32f103xe.o(.text)
    RTC_Alarm_IRQHandler                     0x0800020f   Thumb Code     0  startup_stm32f103xe.o(.text)
    RTC_IRQHandler                           0x0800020f   Thumb Code     0  startup_stm32f103xe.o(.text)
    SDIO_IRQHandler                          0x0800020f   Thumb Code     0  startup_stm32f103xe.o(.text)
    SPI1_IRQHandler                          0x0800020f   Thumb Code     0  startup_stm32f103xe.o(.text)
    SPI2_IRQHandler                          0x0800020f   Thumb Code     0  startup_stm32f103xe.o(.text)
    SPI3_IRQHandler                          0x0800020f   Thumb Code     0  startup_stm32f103xe.o(.text)
    TAMPER_IRQHandler                        0x0800020f   Thumb Code     0  startup_stm32f103xe.o(.text)
    TIM1_BRK_IRQHandler                      0x0800020f   Thumb Code     0  startup_stm32f103xe.o(.text)
    TIM1_CC_IRQHandler                       0x0800020f   Thumb Code     0  startup_stm32f103xe.o(.text)
    TIM1_TRG_COM_IRQHandler                  0x0800020f   Thumb Code     0  startup_stm32f103xe.o(.text)
    TIM1_UP_IRQHandler                       0x0800020f   Thumb Code     0  startup_stm32f103xe.o(.text)
    TIM2_IRQHandler                          0x0800020f   Thumb Code     0  startup_stm32f103xe.o(.text)
    TIM3_IRQHandler                          0x0800020f   Thumb Code     0  startup_stm32f103xe.o(.text)
    TIM4_IRQHandler                          0x0800020f   Thumb Code     0  startup_stm32f103xe.o(.text)
    TIM5_IRQHandler                          0x0800020f   Thumb Code     0  startup_stm32f103xe.o(.text)
    TIM6_IRQHandler                          0x0800020f   Thumb Code     0  startup_stm32f103xe.o(.text)
    TIM7_IRQHandler                          0x0800020f   Thumb Code     0  startup_stm32f103xe.o(.text)
    TIM8_BRK_IRQHandler                      0x0800020f   Thumb Code     0  startup_stm32f103xe.o(.text)
    TIM8_CC_IRQHandler                       0x0800020f   Thumb Code     0  startup_stm32f103xe.o(.text)
    TIM8_TRG_COM_IRQHandler                  0x0800020f   Thumb Code     0  startup_stm32f103xe.o(.text)
    TIM8_UP_IRQHandler                       0x0800020f   Thumb Code     0  startup_stm32f103xe.o(.text)
    UART4_IRQHandler                         0x0800020f   Thumb Code     0  startup_stm32f103xe.o(.text)
    UART5_IRQHandler                         0x0800020f   Thumb Code     0  startup_stm32f103xe.o(.text)
    USART1_IRQHandler                        0x0800020f   Thumb Code     0  startup_stm32f103xe.o(.text)
    USART2_IRQHandler                        0x0800020f   Thumb Code     0  startup_stm32f103xe.o(.text)
    USART3_IRQHandler                        0x0800020f   Thumb Code     0  startup_stm32f103xe.o(.text)
    USBWakeUp_IRQHandler                     0x0800020f   Thumb Code     0  startup_stm32f103xe.o(.text)
    USB_HP_CAN1_TX_IRQHandler                0x0800020f   Thumb Code     0  startup_stm32f103xe.o(.text)
    USB_LP_CAN1_RX0_IRQHandler               0x0800020f   Thumb Code     0  startup_stm32f103xe.o(.text)
    WWDG_IRQHandler                          0x0800020f   Thumb Code     0  startup_stm32f103xe.o(.text)
    __user_initial_stackheap                 0x08000211   Thumb Code     0  startup_stm32f103xe.o(.text)
    __2printf                                0x08000235   Thumb Code    20  noretval__2printf.o(.text)
    __printf                                 0x0800024d   Thumb Code   270  __printf_wp.o(.text)
    __aeabi_memclr4                          0x0800035b   Thumb Code     0  rt_memclr_w.o(.text)
    __aeabi_memclr8                          0x0800035b   Thumb Code     0  rt_memclr_w.o(.text)
    __rt_memclr_w                            0x0800035b   Thumb Code    78  rt_memclr_w.o(.text)
    _memset_w                                0x0800035f   Thumb Code     0  rt_memclr_w.o(.text)
    __use_two_region_memory                  0x080003a9   Thumb Code     2  heapauxi.o(.text)
    __rt_heap_escrow                         0x080003ab   Thumb Code     2  heapauxi.o(.text)
    __rt_heap_expand                         0x080003ad   Thumb Code     2  heapauxi.o(.text)
    __lib_sel_fp_printf                      0x080003af   Thumb Code     2  _printf_fp_dec.o(.text)
    _printf_fp_dec_real                      0x08000561   Thumb Code   620  _printf_fp_dec.o(.text)
    _printf_char_file                        0x080007cd   Thumb Code    32  _printf_char_file.o(.text)
    __rt_locale                              0x080007f1   Thumb Code     8  rt_locale_intlibspace.o(.text)
    _ll_udiv10                               0x080007f9   Thumb Code   138  lludiv10.o(.text)
    _printf_char_common                      0x0800088f   Thumb Code    32  _printf_char_common.o(.text)
    _printf_fp_infnan                        0x080008b5   Thumb Code   112  _printf_fp_infnan.o(.text)
    _btod_etento                             0x08000935   Thumb Code   224  bigflt0.o(.text)
    ferror                                   0x08000a19   Thumb Code     8  ferror.o(.text)
    _initio                                  0x08000a21   Thumb Code   210  initio.o(.text)
    _terminateio                             0x08000af3   Thumb Code    56  initio.o(.text)
    _sys_open                                0x08000b59   Thumb Code    20  sys_io.o(.text)
    _sys_close                               0x08000b6d   Thumb Code    12  sys_io.o(.text)
    _sys_write                               0x08000b79   Thumb Code    16  sys_io.o(.text)
    _sys_read                                0x08000b89   Thumb Code    14  sys_io.o(.text)
    _sys_istty                               0x08000b97   Thumb Code    12  sys_io.o(.text)
    _sys_seek                                0x08000ba3   Thumb Code    14  sys_io.o(.text)
    _sys_ensure                              0x08000bb1   Thumb Code     2  sys_io.o(.text)
    _sys_flen                                0x08000bb3   Thumb Code    12  sys_io.o(.text)
    __user_libspace                          0x08000bc1   Thumb Code     8  libspace.o(.text)
    __user_perproc_libspace                  0x08000bc1   Thumb Code     0  libspace.o(.text)
    __user_perthread_libspace                0x08000bc1   Thumb Code     0  libspace.o(.text)
    __user_setup_stackheap                   0x08000bc9   Thumb Code    74  sys_stackheap_outer.o(.text)
    free                                     0x08000c13   Thumb Code    78  h1_free.o(.text)
    __flsbuf                                 0x08000c61   Thumb Code   470  flsbuf.o(.text)
    __flsbuf_byte                            0x08000c61   Thumb Code     0  flsbuf.o(.text)
    __flsbuf_wide                            0x08000c61   Thumb Code     0  flsbuf.o(.text)
    setvbuf                                  0x08000e37   Thumb Code    70  setvbuf.o(.text)
    freopen                                  0x08000e7d   Thumb Code   158  fopen.o(.text)
    fopen                                    0x08000f1b   Thumb Code    74  fopen.o(.text)
    _fclose_internal                         0x08000f69   Thumb Code    76  fclose.o(.text)
    fclose                                   0x08000f69   Thumb Code     0  fclose.o(.text)
    exit                                     0x08000fb5   Thumb Code    18  exit.o(.text)
    __rt_SIGRTRED                            0x08000fc7   Thumb Code    14  defsig_rtred_outer.o(.text)
    strcmp                                   0x08000fd5   Thumb Code   128  strcmpv7m.o(.text)
    __I$use$semihosting                      0x08001055   Thumb Code     0  use_no_semi.o(.text)
    __use_no_semihosting_swi                 0x08001055   Thumb Code     2  use_no_semi.o(.text)
    __semihosting_library_function           0x08001057   Thumb Code     0  indicate_semi.o(.text)
    __rt_heap_descriptor                     0x08001059   Thumb Code     8  rt_heap_descriptor_intlibspace.o(.text)
    __use_no_heap                            0x08001061   Thumb Code     2  hguard.o(.text)
    __heap$guard                             0x08001063   Thumb Code     2  hguard.o(.text)
    _terminate_user_alloc                    0x08001065   Thumb Code     2  init_alloc.o(.text)
    _init_user_alloc                         0x08001067   Thumb Code     2  init_alloc.o(.text)
    __Heap_Full                              0x08001069   Thumb Code    34  init_alloc.o(.text)
    __Heap_Broken                            0x0800108b   Thumb Code     6  init_alloc.o(.text)
    _init_alloc                              0x08001091   Thumb Code    94  init_alloc.o(.text)
    malloc                                   0x080010ef   Thumb Code    94  h1_alloc.o(.text)
    _fseek                                   0x0800114d   Thumb Code   242  fseek.o(.text)
    fseek                                    0x0800114d   Thumb Code     0  fseek.o(.text)
    _seterr                                  0x08001245   Thumb Code    20  stdio.o(.text)
    _writebuf                                0x08001259   Thumb Code    84  stdio.o(.text)
    _fflush                                  0x080012ad   Thumb Code    70  stdio.o(.text)
    _deferredlazyseek                        0x080012f3   Thumb Code    60  stdio.o(.text)
    __sig_exit                               0x08001335   Thumb Code    10  defsig_exit.o(.text)
    __rt_SIGRTRED_inner                      0x08001341   Thumb Code    14  defsig_rtred_inner.o(.text)
    strlen                                   0x08001375   Thumb Code    62  strlen.o(.text)
    _sys_exit                                0x080013b5   Thumb Code     8  sys_exit.o(.text)
    __Heap_Initialize                        0x080013c1   Thumb Code    10  h1_init.o(.text)
    __Heap_DescSize                          0x080013cb   Thumb Code     4  h1_init.o(.text)
    __Heap_ProvideMemory                     0x080013cf   Thumb Code    52  h1_extend.o(.text)
    _ftell_internal                          0x08001403   Thumb Code    66  ftell.o(.text)
    ftell                                    0x08001403   Thumb Code     0  ftell.o(.text)
    __default_signal_display                 0x08001445   Thumb Code    50  defsig_general.o(.text)
    __rt_SIGRTMEM                            0x08001477   Thumb Code    14  defsig_rtmem_outer.o(.text)
    _ttywrch                                 0x08001485   Thumb Code    14  sys_wrch.o(.text)
    __aeabi_errno_addr                       0x08001495   Thumb Code     8  rt_errno_addr_intlibspace.o(.text)
    __errno$intlibspace                      0x08001495   Thumb Code     0  rt_errno_addr_intlibspace.o(.text)
    __rt_errno_addr$intlibspace              0x08001495   Thumb Code     0  rt_errno_addr_intlibspace.o(.text)
    __rt_SIGRTMEM_inner                      0x0800149d   Thumb Code    22  defsig_rtmem_inner.o(.text)
    _btod_d2e                                0x080014ed   Thumb Code    62  btod.o(CL$$btod_d2e)
    _d2e_denorm_low                          0x0800152b   Thumb Code    70  btod.o(CL$$btod_d2e_denorm_low)
    _d2e_norm_op1                            0x08001571   Thumb Code    96  btod.o(CL$$btod_d2e_norm_op1)
    __btod_div_common                        0x080015d1   Thumb Code   696  btod.o(CL$$btod_div_common)
    _e2e                                     0x08001909   Thumb Code   220  btod.o(CL$$btod_e2e)
    _btod_ediv                               0x080019e5   Thumb Code    42  btod.o(CL$$btod_ediv)
    _btod_emul                               0x08001a0f   Thumb Code    42  btod.o(CL$$btod_emul)
    __btod_mult_common                       0x08001a39   Thumb Code   580  btod.o(CL$$btod_mult_common)
    BusFault_Handler                         0x08001c7d   Thumb Code     2  stm32f1xx_it.o(i.BusFault_Handler)
    DebugMon_Handler                         0x08001c7f   Thumb Code     2  stm32f1xx_it.o(i.DebugMon_Handler)
    Error_Handler                            0x08001c81   Thumb Code     4  main.o(i.Error_Handler)
    HAL_Delay                                0x08001c85   Thumb Code    32  stm32f1xx_hal.o(i.HAL_Delay)
    HAL_GPIO_Init                            0x08001ca9   Thumb Code   462  stm32f1xx_hal_gpio.o(i.HAL_GPIO_Init)
    HAL_GPIO_ReadPin                         0x08001ea1   Thumb Code    10  stm32f1xx_hal_gpio.o(i.HAL_GPIO_ReadPin)
    HAL_GPIO_WritePin                        0x08001eab   Thumb Code    10  stm32f1xx_hal_gpio.o(i.HAL_GPIO_WritePin)
    HAL_GetTick                              0x08001eb5   Thumb Code     6  stm32f1xx_hal.o(i.HAL_GetTick)
    HAL_IncTick                              0x08001ec1   Thumb Code    12  stm32f1xx_hal.o(i.HAL_IncTick)
    HAL_Init                                 0x08001ed1   Thumb Code    32  stm32f1xx_hal.o(i.HAL_Init)
    HAL_InitTick                             0x08001ef5   Thumb Code    54  stm32f1xx_hal.o(i.HAL_InitTick)
    HAL_MspInit                              0x08001f35   Thumb Code    52  stm32f1xx_hal_msp.o(i.HAL_MspInit)
    HAL_NVIC_SetPriority                     0x08001f71   Thumb Code    60  stm32f1xx_hal_cortex.o(i.HAL_NVIC_SetPriority)
    HAL_NVIC_SetPriorityGrouping             0x08001fb1   Thumb Code    26  stm32f1xx_hal_cortex.o(i.HAL_NVIC_SetPriorityGrouping)
    HAL_RCC_ClockConfig                      0x08001fd5   Thumb Code   280  stm32f1xx_hal_rcc.o(i.HAL_RCC_ClockConfig)
    HAL_RCC_GetPCLK1Freq                     0x08002101   Thumb Code    20  stm32f1xx_hal_rcc.o(i.HAL_RCC_GetPCLK1Freq)
    HAL_RCC_GetPCLK2Freq                     0x08002121   Thumb Code    20  stm32f1xx_hal_rcc.o(i.HAL_RCC_GetPCLK2Freq)
    HAL_RCC_GetSysClockFreq                  0x08002141   Thumb Code    58  stm32f1xx_hal_rcc.o(i.HAL_RCC_GetSysClockFreq)
    HAL_RCC_OscConfig                        0x0800218d   Thumb Code   778  stm32f1xx_hal_rcc.o(i.HAL_RCC_OscConfig)
    HAL_SYSTICK_Config                       0x080024ad   Thumb Code    40  stm32f1xx_hal_cortex.o(i.HAL_SYSTICK_Config)
    HAL_TIMEx_MasterConfigSynchronization    0x080024d5   Thumb Code   104  stm32f1xx_hal_tim_ex.o(i.HAL_TIMEx_MasterConfigSynchronization)
    HAL_TIM_Base_Init                        0x08002551   Thumb Code    90  stm32f1xx_hal_tim.o(i.HAL_TIM_Base_Init)
    HAL_TIM_Base_MspInit                     0x080025ad   Thumb Code    30  tim.o(i.HAL_TIM_Base_MspInit)
    HAL_TIM_ConfigClockSource                0x080025d5   Thumb Code   220  stm32f1xx_hal_tim.o(i.HAL_TIM_ConfigClockSource)
    HAL_UART_Init                            0x080026b1   Thumb Code   100  stm32f1xx_hal_uart.o(i.HAL_UART_Init)
    HAL_UART_MspInit                         0x08002715   Thumb Code   100  usart.o(i.HAL_UART_MspInit)
    HardFault_Handler                        0x08002785   Thumb Code     2  stm32f1xx_it.o(i.HardFault_Handler)
    MX_GPIO_Init                             0x08002789   Thumb Code   120  gpio.o(i.MX_GPIO_Init)
    MX_TIM1_Init                             0x08002809   Thumb Code    98  tim.o(i.MX_TIM1_Init)
    MX_USART1_UART_Init                      0x08002875   Thumb Code    48  usart.o(i.MX_USART1_UART_Init)
    MeasureDistance                          0x080028ad   Thumb Code   138  main.o(i.MeasureDistance)
    MemManage_Handler                        0x08002945   Thumb Code     2  stm32f1xx_it.o(i.MemManage_Handler)
    NMI_Handler                              0x08002947   Thumb Code     2  stm32f1xx_it.o(i.NMI_Handler)
    PendSV_Handler                           0x08002949   Thumb Code     2  stm32f1xx_it.o(i.PendSV_Handler)
    SVC_Handler                              0x0800294b   Thumb Code     2  stm32f1xx_it.o(i.SVC_Handler)
    SysTick_Handler                          0x0800294d   Thumb Code     4  stm32f1xx_it.o(i.SysTick_Handler)
    SystemClock_Config                       0x08002951   Thumb Code    94  main.o(i.SystemClock_Config)
    SystemInit                               0x080029af   Thumb Code     2  system_stm32f1xx.o(i.SystemInit)
    TIM_Base_SetConfig                       0x080029b1   Thumb Code   120  stm32f1xx_hal_tim.o(i.TIM_Base_SetConfig)
    TIM_ETR_SetConfig                        0x08002a3d   Thumb Code    20  stm32f1xx_hal_tim.o(i.TIM_ETR_SetConfig)
    UsageFault_Handler                       0x08002b61   Thumb Code     2  stm32f1xx_it.o(i.UsageFault_Handler)
    __ARM_fpclassify                         0x08002b63   Thumb Code    40  fpclassify.o(i.__ARM_fpclassify)
    _is_digit                                0x08002bab   Thumb Code    14  __printf_wp.o(i._is_digit)
    fputc                                    0x08002bb9   Thumb Code    26  fputc.o(i.fputc)
    main                                     0x08002bd5   Thumb Code    60  main.o(i.main)
    _get_lc_numeric                          0x08002c29   Thumb Code    44  lc_numeric_c.o(locale$$code)
    __aeabi_d2f                              0x08002c55   Thumb Code     0  d2f.o(x$fpl$d2f)
    _d2f                                     0x08002c55   Thumb Code    98  d2f.o(x$fpl$d2f)
    __fpl_dcheck_NaN1                        0x08002cb9   Thumb Code    10  dcheck1.o(x$fpl$dcheck1)
    __aeabi_ddiv                             0x08002cc9   Thumb Code     0  ddiv.o(x$fpl$ddiv)
    _ddiv                                    0x08002cc9   Thumb Code   552  ddiv.o(x$fpl$ddiv)
    __aeabi_ui2d                             0x08002f79   Thumb Code     0  dflt_clz.o(x$fpl$dfltu)
    _dfltu                                   0x08002f79   Thumb Code    38  dflt_clz.o(x$fpl$dfltu)
    __aeabi_dmul                             0x08002fa1   Thumb Code     0  dmul.o(x$fpl$dmul)
    _dmul                                    0x08002fa1   Thumb Code   332  dmul.o(x$fpl$dmul)
    __fpl_dnaninf                            0x080030f5   Thumb Code   156  dnaninf.o(x$fpl$dnaninf)
    __fpl_dretinf                            0x08003191   Thumb Code    12  dretinf.o(x$fpl$dretinf)
    __aeabi_f2d                              0x0800319d   Thumb Code     0  f2d.o(x$fpl$f2d)
    _f2d                                     0x0800319d   Thumb Code    86  f2d.o(x$fpl$f2d)
    __aeabi_fmul                             0x080031f5   Thumb Code     0  fmul.o(x$fpl$fmul)
    _fmul                                    0x080031f5   Thumb Code   258  fmul.o(x$fpl$fmul)
    __fpl_fnaninf                            0x080032f7   Thumb Code   140  fnaninf.o(x$fpl$fnaninf)
    __fpl_fretinf                            0x08003383   Thumb Code    10  fretinf.o(x$fpl$fretinf)
    _printf_fp_dec                           0x0800338d   Thumb Code     4  printf1.o(x$fpl$printf1)
    __fpl_return_NaN                         0x08003391   Thumb Code   100  retnan.o(x$fpl$retnan)
    __ARM_scalbn                             0x080033f5   Thumb Code    92  scalbn.o(x$fpl$scalbn)
    __fpl_cmpreturn                          0x08003451   Thumb Code    48  trapv.o(x$fpl$trapveneer)
    __I$use$fp                               0x08003480   Number         0  usenofp.o(x$fpl$usenofp)
    AHBPrescTable                            0x08003492   Data          16  system_stm32f1xx.o(.constdata)
    APBPrescTable                            0x080034a2   Data           8  system_stm32f1xx.o(.constdata)
    __stdin_name                             0x08003540   Data           4  sys_io.o(.constdata)
    __stdout_name                            0x08003544   Data           4  sys_io.o(.constdata)
    __stderr_name                            0x08003548   Data           4  sys_io.o(.constdata)
    Region$$Table$$Base                      0x0800354c   Number         0  anon$$obj.o(Region$$Table)
    Region$$Table$$Limit                     0x0800356c   Number         0  anon$$obj.o(Region$$Table)
    uwTickFreq                               0x20000000   Data           1  stm32f1xx_hal.o(.data)
    uwTickPrio                               0x20000004   Data           4  stm32f1xx_hal.o(.data)
    uwTick                                   0x20000008   Data           4  stm32f1xx_hal.o(.data)
    SystemCoreClock                          0x2000000c   Data           4  system_stm32f1xx.o(.data)
    __aeabi_stdin                            0x20000010   Data           4  stdio_streams.o(.data)
    __aeabi_stdout                           0x20000014   Data           4  stdio_streams.o(.data)
    __aeabi_stderr                           0x20000018   Data           4  stdio_streams.o(.data)
    htim1                                    0x2000001c   Data          72  tim.o(.bss)
    huart1                                   0x20000064   Data          72  usart.o(.bss)
    __stdin                                  0x200000ac   Data          84  stdio_streams.o(.bss)
    __stdout                                 0x20000100   Data          84  stdio_streams.o(.bss)
    __stderr                                 0x20000154   Data          84  stdio_streams.o(.bss)
    __libspace_start                         0x200001a8   Data          96  libspace.o(.bss)
    __temporary_stack_top$libspace           0x20000208   Data           0  libspace.o(.bss)



==============================================================================

Memory Map of the image

  Image Entry point : 0x08000131

  Load Region LR_IROM1 (Base: 0x08000000, Size: 0x000035a4, Max: 0x00080000, ABSOLUTE)

    Execution Region ER_IROM1 (Exec base: 0x08000000, Load base: 0x08000000, Size: 0x00003588, Max: 0x00080000, ABSOLUTE)

    Exec Addr    Load Addr    Size         Type   Attr      Idx    E Section Name        Object

    0x08000000   0x08000000   0x00000130   Data   RO            3    RESET               startup_stm32f103xe.o
    0x08000130   0x08000130   0x00000008   Code   RO         2800  * !!!main             c_w.l(__main.o)
    0x08000138   0x08000138   0x00000034   Code   RO         3231    !!!scatter          c_w.l(__scatter.o)
    0x0800016c   0x0800016c   0x0000001a   Code   RO         3233    !!handler_copy      c_w.l(__scatter_copy.o)
    0x08000186   0x08000186   0x00000002   PAD
    0x08000188   0x08000188   0x0000001c   Code   RO         3235    !!handler_zi        c_w.l(__scatter_zi.o)
    0x080001a4   0x080001a4   0x00000000   Code   RO         2795    .ARM.Collect$$_printf_percent$$00000000  c_w.l(_printf_percent.o)
    0x080001a4   0x080001a4   0x00000006   Code   RO         2794    .ARM.Collect$$_printf_percent$$00000003  c_w.l(_printf_f.o)
    0x080001aa   0x080001aa   0x00000004   Code   RO         2829    .ARM.Collect$$_printf_percent$$00000017  c_w.l(_printf_percent_end.o)
    0x080001ae   0x080001ae   0x00000002   Code   RO         3017    .ARM.Collect$$libinit$$00000000  c_w.l(libinit.o)
    0x080001b0   0x080001b0   0x00000000   Code   RO         3019    .ARM.Collect$$libinit$$00000002  c_w.l(libinit2.o)
    0x080001b0   0x080001b0   0x00000000   Code   RO         3021    .ARM.Collect$$libinit$$00000004  c_w.l(libinit2.o)
    0x080001b0   0x080001b0   0x00000008   Code   RO         3022    .ARM.Collect$$libinit$$00000005  c_w.l(libinit2.o)
    0x080001b8   0x080001b8   0x00000000   Code   RO         3024    .ARM.Collect$$libinit$$0000000A  c_w.l(libinit2.o)
    0x080001b8   0x080001b8   0x00000000   Code   RO         3026    .ARM.Collect$$libinit$$0000000C  c_w.l(libinit2.o)
    0x080001b8   0x080001b8   0x00000000   Code   RO         3028    .ARM.Collect$$libinit$$0000000E  c_w.l(libinit2.o)
    0x080001b8   0x080001b8   0x00000006   Code   RO         3029    .ARM.Collect$$libinit$$0000000F  c_w.l(libinit2.o)
    0x080001be   0x080001be   0x00000000   Code   RO         3031    .ARM.Collect$$libinit$$00000011  c_w.l(libinit2.o)
    0x080001be   0x080001be   0x00000000   Code   RO         3033    .ARM.Collect$$libinit$$00000013  c_w.l(libinit2.o)
    0x080001be   0x080001be   0x00000000   Code   RO         3035    .ARM.Collect$$libinit$$00000015  c_w.l(libinit2.o)
    0x080001be   0x080001be   0x0000000a   Code   RO         3036    .ARM.Collect$$libinit$$00000016  c_w.l(libinit2.o)
    0x080001c8   0x080001c8   0x00000000   Code   RO         3037    .ARM.Collect$$libinit$$00000017  c_w.l(libinit2.o)
    0x080001c8   0x080001c8   0x00000000   Code   RO         3039    .ARM.Collect$$libinit$$00000019  c_w.l(libinit2.o)
    0x080001c8   0x080001c8   0x00000000   Code   RO         3041    .ARM.Collect$$libinit$$0000001B  c_w.l(libinit2.o)
    0x080001c8   0x080001c8   0x00000000   Code   RO         3043    .ARM.Collect$$libinit$$0000001D  c_w.l(libinit2.o)
    0x080001c8   0x080001c8   0x00000000   Code   RO         3045    .ARM.Collect$$libinit$$0000001F  c_w.l(libinit2.o)
    0x080001c8   0x080001c8   0x00000000   Code   RO         3047    .ARM.Collect$$libinit$$00000021  c_w.l(libinit2.o)
    0x080001c8   0x080001c8   0x00000000   Code   RO         3049    .ARM.Collect$$libinit$$00000023  c_w.l(libinit2.o)
    0x080001c8   0x080001c8   0x00000004   Code   RO         3050    .ARM.Collect$$libinit$$00000024  c_w.l(libinit2.o)
    0x080001cc   0x080001cc   0x00000000   Code   RO         3051    .ARM.Collect$$libinit$$00000025  c_w.l(libinit2.o)
    0x080001cc   0x080001cc   0x00000000   Code   RO         3055    .ARM.Collect$$libinit$$0000002C  c_w.l(libinit2.o)
    0x080001cc   0x080001cc   0x00000000   Code   RO         3057    .ARM.Collect$$libinit$$0000002E  c_w.l(libinit2.o)
    0x080001cc   0x080001cc   0x00000000   Code   RO         3059    .ARM.Collect$$libinit$$00000030  c_w.l(libinit2.o)
    0x080001cc   0x080001cc   0x00000000   Code   RO         3061    .ARM.Collect$$libinit$$00000032  c_w.l(libinit2.o)
    0x080001cc   0x080001cc   0x00000002   Code   RO         3062    .ARM.Collect$$libinit$$00000033  c_w.l(libinit2.o)
    0x080001ce   0x080001ce   0x00000002   Code   RO         3210    .ARM.Collect$$libshutdown$$00000000  c_w.l(libshutdown.o)
    0x080001d0   0x080001d0   0x00000000   Code   RO         3064    .ARM.Collect$$libshutdown$$00000002  c_w.l(libshutdown2.o)
    0x080001d0   0x080001d0   0x00000000   Code   RO         3066    .ARM.Collect$$libshutdown$$00000004  c_w.l(libshutdown2.o)
    0x080001d0   0x080001d0   0x00000004   Code   RO         3067    .ARM.Collect$$libshutdown$$00000005  c_w.l(libshutdown2.o)
    0x080001d4   0x080001d4   0x00000000   Code   RO         3068    .ARM.Collect$$libshutdown$$00000006  c_w.l(libshutdown2.o)
    0x080001d4   0x080001d4   0x00000000   Code   RO         3071    .ARM.Collect$$libshutdown$$00000009  c_w.l(libshutdown2.o)
    0x080001d4   0x080001d4   0x00000000   Code   RO         3074    .ARM.Collect$$libshutdown$$0000000C  c_w.l(libshutdown2.o)
    0x080001d4   0x080001d4   0x00000000   Code   RO         3076    .ARM.Collect$$libshutdown$$0000000E  c_w.l(libshutdown2.o)
    0x080001d4   0x080001d4   0x00000000   Code   RO         3079    .ARM.Collect$$libshutdown$$00000011  c_w.l(libshutdown2.o)
    0x080001d4   0x080001d4   0x00000002   Code   RO         3080    .ARM.Collect$$libshutdown$$00000012  c_w.l(libshutdown2.o)
    0x080001d6   0x080001d6   0x00000000   Code   RO         2824    .ARM.Collect$$rtentry$$00000000  c_w.l(__rtentry.o)
    0x080001d6   0x080001d6   0x00000000   Code   RO         2848    .ARM.Collect$$rtentry$$00000002  c_w.l(__rtentry2.o)
    0x080001d6   0x080001d6   0x00000006   Code   RO         2860    .ARM.Collect$$rtentry$$00000004  c_w.l(__rtentry4.o)
    0x080001dc   0x080001dc   0x00000000   Code   RO         2850    .ARM.Collect$$rtentry$$00000009  c_w.l(__rtentry2.o)
    0x080001dc   0x080001dc   0x00000004   Code   RO         2851    .ARM.Collect$$rtentry$$0000000A  c_w.l(__rtentry2.o)
    0x080001e0   0x080001e0   0x00000000   Code   RO         2853    .ARM.Collect$$rtentry$$0000000C  c_w.l(__rtentry2.o)
    0x080001e0   0x080001e0   0x00000008   Code   RO         2854    .ARM.Collect$$rtentry$$0000000D  c_w.l(__rtentry2.o)
    0x080001e8   0x080001e8   0x00000002   Code   RO         3088    .ARM.Collect$$rtexit$$00000000  c_w.l(rtexit.o)
    0x080001ea   0x080001ea   0x00000000   Code   RO         3146    .ARM.Collect$$rtexit$$00000002  c_w.l(rtexit2.o)
    0x080001ea   0x080001ea   0x00000004   Code   RO         3147    .ARM.Collect$$rtexit$$00000003  c_w.l(rtexit2.o)
    0x080001ee   0x080001ee   0x00000006   Code   RO         3148    .ARM.Collect$$rtexit$$00000004  c_w.l(rtexit2.o)
    0x080001f4   0x080001f4   0x00000000   Code   RO         3152    .emb_text           c_w.l(maybetermalloc1.o)
    0x080001f4   0x080001f4   0x00000040   Code   RO            4    .text               startup_stm32f103xe.o
    0x08000234   0x08000234   0x00000018   Code   RO         2770    .text               c_w.l(noretval__2printf.o)
    0x0800024c   0x0800024c   0x0000010e   Code   RO         2782    .text               c_w.l(__printf_wp.o)
    0x0800035a   0x0800035a   0x0000004e   Code   RO         2796    .text               c_w.l(rt_memclr_w.o)
    0x080003a8   0x080003a8   0x00000006   Code   RO         2798    .text               c_w.l(heapauxi.o)
    0x080003ae   0x080003ae   0x0000041e   Code   RO         2825    .text               c_w.l(_printf_fp_dec.o)
    0x080007cc   0x080007cc   0x00000024   Code   RO         2827    .text               c_w.l(_printf_char_file.o)
    0x080007f0   0x080007f0   0x00000008   Code   RO         2865    .text               c_w.l(rt_locale_intlibspace.o)
    0x080007f8   0x080007f8   0x0000008a   Code   RO         2867    .text               c_w.l(lludiv10.o)
    0x08000882   0x08000882   0x00000002   PAD
    0x08000884   0x08000884   0x00000030   Code   RO         2869    .text               c_w.l(_printf_char_common.o)
    0x080008b4   0x080008b4   0x00000080   Code   RO         2871    .text               c_w.l(_printf_fp_infnan.o)
    0x08000934   0x08000934   0x000000e4   Code   RO         2873    .text               c_w.l(bigflt0.o)
    0x08000a18   0x08000a18   0x00000008   Code   RO         2898    .text               c_w.l(ferror.o)
    0x08000a20   0x08000a20   0x00000138   Code   RO         2904    .text               c_w.l(initio.o)
    0x08000b58   0x08000b58   0x00000066   Code   RO         2921    .text               c_w.l(sys_io.o)
    0x08000bbe   0x08000bbe   0x00000002   PAD
    0x08000bc0   0x08000bc0   0x00000008   Code   RO         2926    .text               c_w.l(libspace.o)
    0x08000bc8   0x08000bc8   0x0000004a   Code   RO         2931    .text               c_w.l(sys_stackheap_outer.o)
    0x08000c12   0x08000c12   0x0000004e   Code   RO         2935    .text               c_w.l(h1_free.o)
    0x08000c60   0x08000c60   0x000001d6   Code   RO         2991    .text               c_w.l(flsbuf.o)
    0x08000e36   0x08000e36   0x00000046   Code   RO         2993    .text               c_w.l(setvbuf.o)
    0x08000e7c   0x08000e7c   0x000000ec   Code   RO         2996    .text               c_w.l(fopen.o)
    0x08000f68   0x08000f68   0x0000004c   Code   RO         2998    .text               c_w.l(fclose.o)
    0x08000fb4   0x08000fb4   0x00000012   Code   RO         3004    .text               c_w.l(exit.o)
    0x08000fc6   0x08000fc6   0x0000000e   Code   RO         3006    .text               c_w.l(defsig_rtred_outer.o)
    0x08000fd4   0x08000fd4   0x00000080   Code   RO         3010    .text               c_w.l(strcmpv7m.o)
    0x08001054   0x08001054   0x00000002   Code   RO         3085    .text               c_w.l(use_no_semi.o)
    0x08001056   0x08001056   0x00000000   Code   RO         3087    .text               c_w.l(indicate_semi.o)
    0x08001056   0x08001056   0x00000002   PAD
    0x08001058   0x08001058   0x00000008   Code   RO         3095    .text               c_w.l(rt_heap_descriptor_intlibspace.o)
    0x08001060   0x08001060   0x00000004   Code   RO         3097    .text               c_w.l(hguard.o)
    0x08001064   0x08001064   0x0000008a   Code   RO         3099    .text               c_w.l(init_alloc.o)
    0x080010ee   0x080010ee   0x0000005e   Code   RO         3105    .text               c_w.l(h1_alloc.o)
    0x0800114c   0x0800114c   0x000000f8   Code   RO         3121    .text               c_w.l(fseek.o)
    0x08001244   0x08001244   0x000000f0   Code   RO         3123    .text               c_w.l(stdio.o)
    0x08001334   0x08001334   0x0000000a   Code   RO         3129    .text               c_w.l(defsig_exit.o)
    0x0800133e   0x0800133e   0x00000002   PAD
    0x08001340   0x08001340   0x00000034   Code   RO         3131    .text               c_w.l(defsig_rtred_inner.o)
    0x08001374   0x08001374   0x0000003e   Code   RO         3135    .text               c_w.l(strlen.o)
    0x080013b2   0x080013b2   0x00000002   PAD
    0x080013b4   0x080013b4   0x0000000c   Code   RO         3143    .text               c_w.l(sys_exit.o)
    0x080013c0   0x080013c0   0x0000000e   Code   RO         3154    .text               c_w.l(h1_init.o)
    0x080013ce   0x080013ce   0x00000034   Code   RO         3156    .text               c_w.l(h1_extend.o)
    0x08001402   0x08001402   0x00000042   Code   RO         3166    .text               c_w.l(ftell.o)
    0x08001444   0x08001444   0x00000032   Code   RO         3174    .text               c_w.l(defsig_general.o)
    0x08001476   0x08001476   0x0000000e   Code   RO         3176    .text               c_w.l(defsig_rtmem_outer.o)
    0x08001484   0x08001484   0x0000000e   Code   RO         3191    .text               c_w.l(sys_wrch.o)
    0x08001492   0x08001492   0x00000002   PAD
    0x08001494   0x08001494   0x00000008   Code   RO         3198    .text               c_w.l(rt_errno_addr_intlibspace.o)
    0x0800149c   0x0800149c   0x00000050   Code   RO         3204    .text               c_w.l(defsig_rtmem_inner.o)
    0x080014ec   0x080014ec   0x0000003e   Code   RO         2876    CL$$btod_d2e        c_w.l(btod.o)
    0x0800152a   0x0800152a   0x00000046   Code   RO         2878    CL$$btod_d2e_denorm_low  c_w.l(btod.o)
    0x08001570   0x08001570   0x00000060   Code   RO         2877    CL$$btod_d2e_norm_op1  c_w.l(btod.o)
    0x080015d0   0x080015d0   0x00000338   Code   RO         2886    CL$$btod_div_common  c_w.l(btod.o)
    0x08001908   0x08001908   0x000000dc   Code   RO         2883    CL$$btod_e2e        c_w.l(btod.o)
    0x080019e4   0x080019e4   0x0000002a   Code   RO         2880    CL$$btod_ediv       c_w.l(btod.o)
    0x08001a0e   0x08001a0e   0x0000002a   Code   RO         2879    CL$$btod_emul       c_w.l(btod.o)
    0x08001a38   0x08001a38   0x00000244   Code   RO         2885    CL$$btod_mult_common  c_w.l(btod.o)
    0x08001c7c   0x08001c7c   0x00000002   Code   RO          281    i.BusFault_Handler  stm32f1xx_it.o
    0x08001c7e   0x08001c7e   0x00000002   Code   RO          282    i.DebugMon_Handler  stm32f1xx_it.o
    0x08001c80   0x08001c80   0x00000004   Code   RO           13    i.Error_Handler     main.o
    0x08001c84   0x08001c84   0x00000024   Code   RO         1396    i.HAL_Delay         stm32f1xx_hal.o
    0x08001ca8   0x08001ca8   0x000001f8   Code   RO         1706    i.HAL_GPIO_Init     stm32f1xx_hal_gpio.o
    0x08001ea0   0x08001ea0   0x0000000a   Code   RO         1708    i.HAL_GPIO_ReadPin  stm32f1xx_hal_gpio.o
    0x08001eaa   0x08001eaa   0x0000000a   Code   RO         1710    i.HAL_GPIO_WritePin  stm32f1xx_hal_gpio.o
    0x08001eb4   0x08001eb4   0x0000000c   Code   RO         1400    i.HAL_GetTick       stm32f1xx_hal.o
    0x08001ec0   0x08001ec0   0x00000010   Code   RO         1406    i.HAL_IncTick       stm32f1xx_hal.o
    0x08001ed0   0x08001ed0   0x00000024   Code   RO         1407    i.HAL_Init          stm32f1xx_hal.o
    0x08001ef4   0x08001ef4   0x00000040   Code   RO         1408    i.HAL_InitTick      stm32f1xx_hal.o
    0x08001f34   0x08001f34   0x0000003c   Code   RO          356    i.HAL_MspInit       stm32f1xx_hal_msp.o
    0x08001f70   0x08001f70   0x00000040   Code   RO         1872    i.HAL_NVIC_SetPriority  stm32f1xx_hal_cortex.o
    0x08001fb0   0x08001fb0   0x00000024   Code   RO         1873    i.HAL_NVIC_SetPriorityGrouping  stm32f1xx_hal_cortex.o
    0x08001fd4   0x08001fd4   0x0000012c   Code   RO         1564    i.HAL_RCC_ClockConfig  stm32f1xx_hal_rcc.o
    0x08002100   0x08002100   0x00000020   Code   RO         1571    i.HAL_RCC_GetPCLK1Freq  stm32f1xx_hal_rcc.o
    0x08002120   0x08002120   0x00000020   Code   RO         1572    i.HAL_RCC_GetPCLK2Freq  stm32f1xx_hal_rcc.o
    0x08002140   0x08002140   0x0000004c   Code   RO         1573    i.HAL_RCC_GetSysClockFreq  stm32f1xx_hal_rcc.o
    0x0800218c   0x0800218c   0x00000320   Code   RO         1576    i.HAL_RCC_OscConfig  stm32f1xx_hal_rcc.o
    0x080024ac   0x080024ac   0x00000028   Code   RO         1877    i.HAL_SYSTICK_Config  stm32f1xx_hal_cortex.o
    0x080024d4   0x080024d4   0x0000007c   Code   RO         1141    i.HAL_TIMEx_MasterConfigSynchronization  stm32f1xx_hal_tim_ex.o
    0x08002550   0x08002550   0x0000005a   Code   RO          418    i.HAL_TIM_Base_Init  stm32f1xx_hal_tim.o
    0x080025aa   0x080025aa   0x00000002   PAD
    0x080025ac   0x080025ac   0x00000028   Code   RO          186    i.HAL_TIM_Base_MspInit  tim.o
    0x080025d4   0x080025d4   0x000000dc   Code   RO          427    i.HAL_TIM_ConfigClockSource  stm32f1xx_hal_tim.o
    0x080026b0   0x080026b0   0x00000064   Code   RO         2396    i.HAL_UART_Init     stm32f1xx_hal_uart.o
    0x08002714   0x08002714   0x00000070   Code   RO          234    i.HAL_UART_MspInit  usart.o
    0x08002784   0x08002784   0x00000002   Code   RO          283    i.HardFault_Handler  stm32f1xx_it.o
    0x08002786   0x08002786   0x00000002   PAD
    0x08002788   0x08002788   0x00000080   Code   RO          161    i.MX_GPIO_Init      gpio.o
    0x08002808   0x08002808   0x0000006c   Code   RO          188    i.MX_TIM1_Init      tim.o
    0x08002874   0x08002874   0x00000038   Code   RO          235    i.MX_USART1_UART_Init  usart.o
    0x080028ac   0x080028ac   0x00000098   Code   RO           14    i.MeasureDistance   main.o
    0x08002944   0x08002944   0x00000002   Code   RO          284    i.MemManage_Handler  stm32f1xx_it.o
    0x08002946   0x08002946   0x00000002   Code   RO          285    i.NMI_Handler       stm32f1xx_it.o
    0x08002948   0x08002948   0x00000002   Code   RO          286    i.PendSV_Handler    stm32f1xx_it.o
    0x0800294a   0x0800294a   0x00000002   Code   RO          287    i.SVC_Handler       stm32f1xx_it.o
    0x0800294c   0x0800294c   0x00000004   Code   RO          288    i.SysTick_Handler   stm32f1xx_it.o
    0x08002950   0x08002950   0x0000005e   Code   RO           15    i.SystemClock_Config  main.o
    0x080029ae   0x080029ae   0x00000002   Code   RO         2730    i.SystemInit        system_stm32f1xx.o
    0x080029b0   0x080029b0   0x0000008c   Code   RO          511    i.TIM_Base_SetConfig  stm32f1xx_hal_tim.o
    0x08002a3c   0x08002a3c   0x00000014   Code   RO          522    i.TIM_ETR_SetConfig  stm32f1xx_hal_tim.o
    0x08002a50   0x08002a50   0x00000010   Code   RO          523    i.TIM_ITRx_SetConfig  stm32f1xx_hal_tim.o
    0x08002a60   0x08002a60   0x00000022   Code   RO          529    i.TIM_TI1_ConfigInputStage  stm32f1xx_hal_tim.o
    0x08002a82   0x08002a82   0x00000024   Code   RO          531    i.TIM_TI2_ConfigInputStage  stm32f1xx_hal_tim.o
    0x08002aa6   0x08002aa6   0x00000002   PAD
    0x08002aa8   0x08002aa8   0x000000b8   Code   RO         2422    i.UART_SetConfig    stm32f1xx_hal_uart.o
    0x08002b60   0x08002b60   0x00000002   Code   RO          289    i.UsageFault_Handler  stm32f1xx_it.o
    0x08002b62   0x08002b62   0x00000028   Code   RO         2919    i.__ARM_fpclassify  m_ws.l(fpclassify.o)
    0x08002b8a   0x08002b8a   0x00000020   Code   RO         1879    i.__NVIC_SetPriority  stm32f1xx_hal_cortex.o
    0x08002baa   0x08002baa   0x0000000e   Code   RO         2784    i._is_digit         c_w.l(__printf_wp.o)
    0x08002bb8   0x08002bb8   0x0000001a   Code   RO         2901    i.fputc             c_w.l(fputc.o)
    0x08002bd2   0x08002bd2   0x00000002   PAD
    0x08002bd4   0x08002bd4   0x00000054   Code   RO           16    i.main              main.o
    0x08002c28   0x08002c28   0x0000002c   Code   RO         2913    locale$$code        c_w.l(lc_numeric_c.o)
    0x08002c54   0x08002c54   0x00000062   Code   RO         2802    x$fpl$d2f           fz_ws.l(d2f.o)
    0x08002cb6   0x08002cb6   0x00000002   PAD
    0x08002cb8   0x08002cb8   0x00000010   Code   RO         2836    x$fpl$dcheck1       fz_ws.l(dcheck1.o)
    0x08002cc8   0x08002cc8   0x000002b0   Code   RO         2805    x$fpl$ddiv          fz_ws.l(ddiv.o)
    0x08002f78   0x08002f78   0x00000026   Code   RO         2808    x$fpl$dfltu         fz_ws.l(dflt_clz.o)
    0x08002f9e   0x08002f9e   0x00000002   PAD
    0x08002fa0   0x08002fa0   0x00000154   Code   RO         2814    x$fpl$dmul          fz_ws.l(dmul.o)
    0x080030f4   0x080030f4   0x0000009c   Code   RO         2838    x$fpl$dnaninf       fz_ws.l(dnaninf.o)
    0x08003190   0x08003190   0x0000000c   Code   RO         2840    x$fpl$dretinf       fz_ws.l(dretinf.o)
    0x0800319c   0x0800319c   0x00000056   Code   RO         2816    x$fpl$f2d           fz_ws.l(f2d.o)
    0x080031f2   0x080031f2   0x00000002   PAD
    0x080031f4   0x080031f4   0x00000102   Code   RO         2818    x$fpl$fmul          fz_ws.l(fmul.o)
    0x080032f6   0x080032f6   0x0000008c   Code   RO         2842    x$fpl$fnaninf       fz_ws.l(fnaninf.o)
    0x08003382   0x08003382   0x0000000a   Code   RO         2844    x$fpl$fretinf       fz_ws.l(fretinf.o)
    0x0800338c   0x0800338c   0x00000004   Code   RO         2820    x$fpl$printf1       fz_ws.l(printf1.o)
    0x08003390   0x08003390   0x00000064   Code   RO         2917    x$fpl$retnan        fz_ws.l(retnan.o)
    0x080033f4   0x080033f4   0x0000005c   Code   RO         2822    x$fpl$scalbn        fz_ws.l(scalbn.o)
    0x08003450   0x08003450   0x00000030   Code   RO         3083    x$fpl$trapveneer    fz_ws.l(trapv.o)
    0x08003480   0x08003480   0x00000000   Code   RO         2846    x$fpl$usenofp       fz_ws.l(usenofp.o)
    0x08003480   0x08003480   0x00000012   Data   RO         1577    .constdata          stm32f1xx_hal_rcc.o
    0x08003492   0x08003492   0x00000010   Data   RO         2731    .constdata          system_stm32f1xx.o
    0x080034a2   0x080034a2   0x00000008   Data   RO         2732    .constdata          system_stm32f1xx.o
    0x080034aa   0x080034aa   0x00000002   PAD
    0x080034ac   0x080034ac   0x00000094   Data   RO         2874    .constdata          c_w.l(bigflt0.o)
    0x08003540   0x08003540   0x00000004   Data   RO         2922    .constdata          c_w.l(sys_io.o)
    0x08003544   0x08003544   0x00000004   Data   RO         2923    .constdata          c_w.l(sys_io.o)
    0x08003548   0x08003548   0x00000004   Data   RO         2924    .constdata          c_w.l(sys_io.o)
    0x0800354c   0x0800354c   0x00000020   Data   RO         3229    Region$$Table       anon$$obj.o
    0x0800356c   0x0800356c   0x0000001c   Data   RO         2912    locale$$data        c_w.l(lc_numeric_c.o)


    Execution Region RW_IRAM1 (Exec base: 0x20000000, Load base: 0x08003588, Size: 0x00000808, Max: 0x00010000, ABSOLUTE)

    Exec Addr    Load Addr    Size         Type   Attr      Idx    E Section Name        Object

    0x20000000   0x08003588   0x0000000c   Data   RW         1414    .data               stm32f1xx_hal.o
    0x2000000c   0x08003594   0x00000004   Data   RW         2733    .data               system_stm32f1xx.o
    0x20000010   0x08003598   0x00000004   Data   RW         2833    .data               c_w.l(stdio_streams.o)
    0x20000014   0x0800359c   0x00000004   Data   RW         2834    .data               c_w.l(stdio_streams.o)
    0x20000018   0x080035a0   0x00000004   Data   RW         2835    .data               c_w.l(stdio_streams.o)
    0x2000001c        -       0x00000048   Zero   RW          189    .bss                tim.o
    0x20000064        -       0x00000048   Zero   RW          237    .bss                usart.o
    0x200000ac        -       0x00000054   Zero   RW         2830    .bss                c_w.l(stdio_streams.o)
    0x20000100        -       0x00000054   Zero   RW         2831    .bss                c_w.l(stdio_streams.o)
    0x20000154        -       0x00000054   Zero   RW         2832    .bss                c_w.l(stdio_streams.o)
    0x200001a8        -       0x00000060   Zero   RW         2927    .bss                c_w.l(libspace.o)
    0x20000208        -       0x00000200   Zero   RW            2    HEAP                startup_stm32f103xe.o
    0x20000408        -       0x00000400   Zero   RW            1    STACK               startup_stm32f103xe.o


==============================================================================

Image component sizes


      Code (inc. data)   RO Data    RW Data    ZI Data      Debug   Object Name

       128          8          0          0          0        903   gpio.o
       334         38          0          0          0     488378   main.o
        64         26        304          0       1536        800   startup_stm32f103xe.o
       164         28          0         12          0       6437   stm32f1xx_hal.o
       172         14          0          0          0      28230   stm32f1xx_hal_cortex.o
       524         42          0          0          0       3487   stm32f1xx_hal_gpio.o
        60          8          0          0          0        850   stm32f1xx_hal_msp.o
      1240         84         18          0          0       5052   stm32f1xx_hal_rcc.o
       556         20          0          0          0       6007   stm32f1xx_hal_tim.o
       124         20          0          0          0       1336   stm32f1xx_hal_tim_ex.o
       284          6          0          0          0       1900   stm32f1xx_hal_uart.o
        20          0          0          0          0       3782   stm32f1xx_it.o
         2          0         24          4          0       1083   system_stm32f1xx.o
       148         20          0          0         72       1586   tim.o
       168         20          0          0         72       1658   usart.o

    ----------------------------------------------------------------------
      3994        334        380         16       1680     551489   Object Totals
         0          0         32          0          0          0   (incl. Generated)
         6          0          2          0          0          0   (incl. Padding)

    ----------------------------------------------------------------------

      Code (inc. data)   RO Data    RW Data    ZI Data      Debug   Library Member Name

         8          0          0          0          0         68   __main.o
       284          0          0          0          0        156   __printf_wp.o
         0          0          0          0          0          0   __rtentry.o
        12          0          0          0          0          0   __rtentry2.o
         6          0          0          0          0          0   __rtentry4.o
        52          8          0          0          0          0   __scatter.o
        26          0          0          0          0          0   __scatter_copy.o
        28          0          0          0          0          0   __scatter_zi.o
        48          6          0          0          0         96   _printf_char_common.o
        36          4          0          0          0         80   _printf_char_file.o
         6          0          0          0          0          0   _printf_f.o
      1054          0          0          0          0        216   _printf_fp_dec.o
       128         16          0          0          0         84   _printf_fp_infnan.o
         0          0          0          0          0          0   _printf_percent.o
         4          0          0          0          0          0   _printf_percent_end.o
       228          4        148          0          0         96   bigflt0.o
      1936        128          0          0          0        672   btod.o
        10          0          0          0          0         68   defsig_exit.o
        50          0          0          0          0         88   defsig_general.o
        80         58          0          0          0         76   defsig_rtmem_inner.o
        14          0          0          0          0         80   defsig_rtmem_outer.o
        52         38          0          0          0         76   defsig_rtred_inner.o
        14          0          0          0          0         80   defsig_rtred_outer.o
        18          0          0          0          0         80   exit.o
        76          0          0          0          0         88   fclose.o
         8          0          0          0          0         68   ferror.o
       470          0          0          0          0         88   flsbuf.o
       236          4          0          0          0        128   fopen.o
        26          0          0          0          0         68   fputc.o
       248          6          0          0          0         84   fseek.o
        66          0          0          0          0         76   ftell.o
        94          0          0          0          0         80   h1_alloc.o
        52          0          0          0          0         68   h1_extend.o
        78          0          0          0          0         80   h1_free.o
        14          0          0          0          0         84   h1_init.o
         6          0          0          0          0        152   heapauxi.o
         4          0          0          0          0        136   hguard.o
         0          0          0          0          0          0   indicate_semi.o
       138          0          0          0          0        168   init_alloc.o
       312         46          0          0          0        112   initio.o
        44         10         28          0          0         76   lc_numeric_c.o
         2          0          0          0          0          0   libinit.o
        30          0          0          0          0          0   libinit2.o
         2          0          0          0          0          0   libshutdown.o
         6          0          0          0          0          0   libshutdown2.o
         8          4          0          0         96         68   libspace.o
       138          0          0          0          0         80   lludiv10.o
         0          0          0          0          0          0   maybetermalloc1.o
        24          4          0          0          0         84   noretval__2printf.o
         8          4          0          0          0         68   rt_errno_addr_intlibspace.o
         8          4          0          0          0         68   rt_heap_descriptor_intlibspace.o
         8          4          0          0          0         68   rt_locale_intlibspace.o
        78          0          0          0          0         80   rt_memclr_w.o
         2          0          0          0          0          0   rtexit.o
        10          0          0          0          0          0   rtexit2.o
        70          0          0          0          0         80   setvbuf.o
       240          6          0          0          0        156   stdio.o
         0          0          0         12        252          0   stdio_streams.o
       128          0          0          0          0         68   strcmpv7m.o
        62          0          0          0          0         76   strlen.o
        12          4          0          0          0         68   sys_exit.o
       102          0         12          0          0        240   sys_io.o
        74          0          0          0          0         80   sys_stackheap_outer.o
        14          0          0          0          0         76   sys_wrch.o
         2          0          0          0          0         68   use_no_semi.o
        98          4          0          0          0         92   d2f.o
        16          4          0          0          0         68   dcheck1.o
       688        140          0          0          0        208   ddiv.o
        38          0          0          0          0         68   dflt_clz.o
       340         12          0          0          0        104   dmul.o
       156          4          0          0          0         92   dnaninf.o
        12          0          0          0          0         68   dretinf.o
        86          4          0          0          0         84   f2d.o
       258          4          0          0          0         84   fmul.o
       140          4          0          0          0         84   fnaninf.o
        10          0          0          0          0         68   fretinf.o
         4          0          0          0          0         68   printf1.o
       100          0          0          0          0         68   retnan.o
        92          0          0          0          0         68   scalbn.o
        48          0          0          0          0         68   trapv.o
         0          0          0          0          0          0   usenofp.o
        40          0          0          0          0         68   fpclassify.o

    ----------------------------------------------------------------------
      9142        534        188         12        348       6360   Library Totals
        22          0          0          0          0          0   (incl. Padding)

    ----------------------------------------------------------------------

      Code (inc. data)   RO Data    RW Data    ZI Data      Debug   Library Name

      6994        358        188         12        348       5000   c_w.l
      2086        176          0          0          0       1292   fz_ws.l
        40          0          0          0          0         68   m_ws.l

    ----------------------------------------------------------------------
      9142        534        188         12        348       6360   Library Totals

    ----------------------------------------------------------------------

==============================================================================


      Code (inc. data)   RO Data    RW Data    ZI Data      Debug   

     13136        868        568         28       2028     552073   Grand Totals
     13136        868        568         28       2028     552073   ELF Image Totals
     13136        868        568         28          0          0   ROM Totals

==============================================================================

    Total RO  Size (Code + RO Data)                13704 (  13.38kB)
    Total RW  Size (RW Data + ZI Data)              2056 (   2.01kB)
    Total ROM Size (Code + RO Data + RW Data)      13732 (  13.41kB)

==============================================================================

